Archive member included to satisfy reference by file (symbol)

app/libapp.a(main.c.obj)      (--whole-archive)
zephyr/libzephyr.a(heap.c.obj)
                              (--whole-archive)
zephyr/libzephyr.a(cbprintf_packaged.c.obj)
                              (--whole-archive)
zephyr/libzephyr.a(printk.c.obj)
                              (--whole-archive)
zephyr/libzephyr.a(sem.c.obj)
                              (--whole-archive)
zephyr/libzephyr.a(thread_entry.c.obj)
                              (--whole-archive)
zephyr/libzephyr.a(cbprintf_complete.c.obj)
                              (--whole-archive)
zephyr/libzephyr.a(assert.c.obj)
                              (--whole-archive)
zephyr/libzephyr.a(base64.c.obj)
                              (--whole-archive)
zephyr/libzephyr.a(dec.c.obj)
                              (--whole-archive)
zephyr/libzephyr.a(hex.c.obj)
                              (--whole-archive)
zephyr/libzephyr.a(rb.c.obj)  (--whole-archive)
zephyr/libzephyr.a(timeutil.c.obj)
                              (--whole-archive)
zephyr/libzephyr.a(bitarray.c.obj)
                              (--whole-archive)
zephyr/libzephyr.a(configs.c.obj)
                              (--whole-archive)
zephyr/libzephyr.a(soc_irq.S.obj)
                              (--whole-archive)
zephyr/libzephyr.a(soc_common_irq.c.obj)
                              (--whole-archive)
zephyr/libzephyr.a(vector.S.obj)
                              (--whole-archive)
zephyr/libzephyr.a(tracing_none.c.obj)
                              (--whole-archive)
zephyr/arch/common/libarch__common.a(sw_isr_common.c.obj)
                              (--whole-archive)
zephyr/arch/common/libarch__common.a(multilevel_irq.c.obj)
                              (--whole-archive)
zephyr/arch/arch/riscv/core/libarch__riscv__core.a(cpu_idle.c.obj)
                              (--whole-archive)
zephyr/arch/arch/riscv/core/libarch__riscv__core.a(fatal.c.obj)
                              (--whole-archive)
zephyr/arch/arch/riscv/core/libarch__riscv__core.a(irq_manage.c.obj)
                              (--whole-archive)
zephyr/arch/arch/riscv/core/libarch__riscv__core.a(prep_c.c.obj)
                              (--whole-archive)
zephyr/arch/arch/riscv/core/libarch__riscv__core.a(reboot.c.obj)
                              (--whole-archive)
zephyr/arch/arch/riscv/core/libarch__riscv__core.a(reset.S.obj)
                              (--whole-archive)
zephyr/arch/arch/riscv/core/libarch__riscv__core.a(switch.S.obj)
                              (--whole-archive)
zephyr/arch/arch/riscv/core/libarch__riscv__core.a(thread.c.obj)
                              (--whole-archive)
zephyr/arch/arch/riscv/core/libarch__riscv__core.a(smp.c.obj)
                              (--whole-archive)
zephyr/arch/arch/riscv/core/libarch__riscv__core.a(isr.S.obj)
                              (--whole-archive)
zephyr/arch/arch/riscv/core/libarch__riscv__core.a(tls.c.obj)
                              (--whole-archive)
zephyr/arch/arch/riscv/core/libarch__riscv__core.a(stacktrace.c.obj)
                              (--whole-archive)
zephyr/lib/libc/picolibc/liblib__libc__picolibc.a(libc-hooks.c.obj)
                              (--whole-archive)
zephyr/lib/libc/common/liblib__libc__common.a(abort.c.obj)
                              (--whole-archive)
zephyr/lib/libc/common/liblib__libc__common.a(malloc.c.obj)
                              (--whole-archive)
zephyr/drivers/interrupt_controller/libdrivers__interrupt_controller.a(intc_plic.c.obj)
                              (--whole-archive)
zephyr/drivers/console/libdrivers__console.a(uart_console.c.obj)
                              (--whole-archive)
zephyr/drivers/serial/libdrivers__serial.a(uart_ns16550.c.obj)
                              (--whole-archive)
zephyr/drivers/timer/libdrivers__timer.a(sys_clock_init.c.obj)
                              (--whole-archive)
zephyr/drivers/timer/libdrivers__timer.a(riscv_machine_timer.c.obj)
                              (--whole-archive)
zephyr/kernel/libkernel.a(device.c.obj)
                              zephyr/drivers/console/libdrivers__console.a(uart_console.c.obj) (z_impl_device_is_ready)
zephyr/kernel/libkernel.a(fatal.c.obj)
                              zephyr/arch/arch/riscv/core/libarch__riscv__core.a(fatal.c.obj) (z_fatal_error)
zephyr/kernel/libkernel.a(init.c.obj)
                              zephyr/arch/arch/riscv/core/libarch__riscv__core.a(prep_c.c.obj) (z_bss_zero)
zephyr/kernel/libkernel.a(init_static.c.obj)
                              zephyr/kernel/libkernel.a(init.c.obj) (z_init_static)
zephyr/kernel/libkernel.a(cpu_mask.c.obj)
                              app/libapp.a(main.c.obj) (k_thread_cpu_mask_clear)
zephyr/kernel/libkernel.a(idle.c.obj)
                              zephyr/kernel/libkernel.a(init.c.obj) (idle)
zephyr/kernel/libkernel.a(mutex.c.obj)
[...]
Memory Configuration

Name             Origin             Length             Attributes
RAM              0x0000001000000000 0x0000000080000000 xrw
IDT_LIST         0x00000000fffff7ff 0x0000000000000800 xw
*default*        0x0000000000000000 0xffffffffffffffff

Linker script and memory map

                0x000000100000365c                vfprintf = __l_vfprintf
                0x0000000000000000                vfscanf = __l_vfscanf
LOAD zephyr/CMakeFiles/zephyr_final.dir/misc/empty_file.c.obj
LOAD zephyr/CMakeFiles/zephyr_final.dir/isr_tables.c.obj
LOAD zephyr/CMakeFiles/offsets.dir/./arch/riscv/core/offsets/offsets.c.obj
LOAD app/libapp.a
LOAD zephyr/libzephyr.a
LOAD zephyr/arch/common/libarch__common.a
LOAD zephyr/arch/arch/riscv/core/libarch__riscv__core.a
LOAD zephyr/lib/libc/picolibc/liblib__libc__picolibc.a
LOAD zephyr/lib/libc/common/liblib__libc__common.a
LOAD zephyr/drivers/interrupt_controller/libdrivers__interrupt_controller.a
LOAD zephyr/drivers/console/libdrivers__console.a
LOAD zephyr/drivers/serial/libdrivers__serial.a
LOAD zephyr/drivers/timer/libdrivers__timer.a
LOAD zephyr/kernel/libkernel.a
LOAD zephyr/arch/common/libisr_tables.a
LOAD /home/alex/bin/zephyr-sdk-0.16.8/riscv64-zephyr-elf/bin/../lib/gcc/../../picolibc/riscv64-zephyr-elf/lib/rv64imac_zicsr_zifencei/lp64/medany/libc.a
LOAD /home/alex/bin/zephyr-sdk-0.16.8/riscv64-zephyr-elf/bin/../lib/gcc/riscv64-zephyr-elf/12.2.0/rv64imac_zicsr_zifencei/lp64/medany/libgcc.a

.rel.plt        0x0000000000000000        0x0
 *(SORT_BY_ALIGNMENT(.rel.plt))
                [!provide]                        PROVIDE (__rel_iplt_start = .)
 *(SORT_BY_ALIGNMENT(.rel.iplt))
                [!provide]                        PROVIDE (__rel_iplt_end = .)

.rela.plt       0x0000000000000000        0x0
 *(SORT_BY_ALIGNMENT(.rela.plt))
                [!provide]                        PROVIDE (__rela_iplt_start = .)
 *(SORT_BY_ALIGNMENT(.rela.iplt))
                [!provide]                        PROVIDE (__rela_iplt_end = .)

.rel.dyn
 *(SORT_BY_ALIGNMENT(.rel.*))

.rela.dyn       0x0000001000000000        0x0
 *(SORT_BY_ALIGNMENT(.rela.*))
 .rela.sdata._char_out
                0x0000001000000000        0x0 zephyr/CMakeFiles/zephyr_final.dir/isr_tables.c.obj
 .rela.vectors.__start
                0x0000001000000000        0x0 zephyr/CMakeFiles/zephyr_final.dir/isr_tables.c.obj
 .rela.exception.entry._isr_wrapper
                0x0000001000000000        0x0 zephyr/CMakeFiles/zephyr_final.dir/isr_tables.c.obj
 .rela.text.arch_tls_stack_setup
                0x0000001000000000        0x0 zephyr/CMakeFiles/zephyr_final.dir/isr_tables.c.obj
 .rela.text.walk_stackframe
                0x0000001000000000        0x0 zephyr/CMakeFiles/zephyr_final.dir/isr_tables.c.obj
 .rela.text.malloc_prepare
                0x0000001000000000        0x0 zephyr/CMakeFiles/zephyr_final.dir/isr_tables.c.obj
 .rela.text.bg_thread_main
                0x0000001000000000        0x0 zephyr/CMakeFiles/zephyr_final.dir/isr_tables.c.obj
 .rela.text.z_bss_zero
                0x0000001000000000        0x0 zephyr/CMakeFiles/zephyr_final.dir/isr_tables.c.obj
 .rela.rodata.levels.0
                0x0000001000000000        0x0 zephyr/CMakeFiles/zephyr_final.dir/isr_tables.c.obj

.plt
 *(SORT_BY_ALIGNMENT(.plt))

.iplt
 *(SORT_BY_ALIGNMENT(.iplt))
                0x0000001000000000                __rom_region_start = 0x1000000000

rom_start       0x0000001000000000       0x18
                0x0000001000000000                . = ALIGN (0x10)
 *(SORT_BY_ALIGNMENT(.vectors.*))
 .vectors.__start
                0x0000001000000000       0x18 zephyr/libzephyr.a(vector.S.obj)
                0x0000001000000000                __start

reset           0x0000001000000018        0x6
 *(SORT_BY_ALIGNMENT(.reset.*))
 .reset.__reset
                0x0000001000000018        0x6 zephyr/arch/arch/riscv/core/libarch__riscv__core.a(reset.S.obj)
                0x0000001000000018                __reset

exceptions      0x0000001000000020      0x14e
 *(SORT_BY_ALIGNMENT(.exception.entry.*))
 .exception.entry._isr_wrapper
                0x0000001000000020      0x13e zephyr/arch/arch/riscv/core/libarch__riscv__core.a(isr.S.obj)
                0x0000001000000020                _isr_wrapper
                0x0000001000000126                z_riscv_thread_start
 *(SORT_BY_ALIGNMENT(.exception.other.*))
 *fill*         0x000000100000015e        0x2 
 .exception.other.__soc_handle_irq
                0x0000001000000160        0xe zephyr/libzephyr.a(soc_irq.S.obj)
                0x0000001000000160                __soc_handle_irq

text            0x0000001000000170     0x39fe
                0x0000001000000170                . = ALIGN (0x4)
 *(SORT_BY_ALIGNMENT(.openocd_debug))
 *(SORT_BY_ALIGNMENT(.openocd_debug.*))
                0x0000001000000170                __text_region_start = .
 *(SORT_BY_ALIGNMENT(.text))
 .text          0x0000001000000170       0x3c /home/alex/bin/zephyr-sdk-0.16.8/riscv64-zephyr-elf/bin/../lib/gcc/riscv64-zephyr-elf/12.2.0/rv64imac_zicsr_zifencei/lp64/medany/libgcc.a(_clzsi2.o)
                0x0000001000000170                __clzdi2
 *(SORT_BY_ALIGNMENT(.text.*))
 .text.__initialize
                0x00000010000001ac       0x92 zephyr/arch/arch/riscv/core/libarch__riscv__core.a(reset.S.obj)
                0x00000010000001ac                __initialize
 *fill*         0x000000100000023e        0x2 
 .text.z_riscv_switch
                0x0000001000000240       0x72 zephyr/arch/arch/riscv/core/libarch__riscv__core.a(switch.S.obj)
                0x0000001000000240                z_riscv_switch
 .text._OffsetAbsSyms
                0x00000010000002b2        0x2 zephyr/CMakeFiles/offsets.dir/./arch/riscv/core/offsets/offsets.c.obj
                0x00000010000002b2                _OffsetAbsSyms
 .text.k_sleep.constprop.0.isra.0
                0x00000010000002b4        0x4 app/libapp.a(main.c.obj)
 .text.k_mutex_unlock.constprop.0.isra.0
                0x00000010000002b8        0xc app/libapp.a(main.c.obj)
 .text.thread0_entry
                0x00000010000002c4       0x3c app/libapp.a(main.c.obj)
                0x00000010000002c4                thread0_entry
 .text.thread2_entry
                0x0000001000000300       0x3c app/libapp.a(main.c.obj)
                0x0000001000000300                thread2_entry
 .text.thread1_entry
                0x000000100000033c       0x3c app/libapp.a(main.c.obj)
                0x000000100000033c                thread1_entry
 .text.main     0x0000001000000378      0x156 app/libapp.a(main.c.obj)
                0x0000001000000378                main
 .text.chunk_size
                0x00000010000004ce       0x12 zephyr/libzephyr.a(heap.c.obj)
 .text.free_list_add
                0x00000010000004e0       0x88 zephyr/libzephyr.a(heap.c.obj)
 .text.sys_heap_init
                0x0000001000000568       0xb2 zephyr/libzephyr.a(heap.c.obj)
                0x0000001000000568                sys_heap_init
 .text.arch_printk_char_out
                0x000000100000061a        0x4 zephyr/libzephyr.a(printk.c.obj)
                0x000000100000061a                arch_printk_char_out
 .text.char_out
                0x000000100000061e        0xa zephyr/libzephyr.a(printk.c.obj)
 .text.__printk_hook_install
                0x0000001000000628        0xa zephyr/libzephyr.a(printk.c.obj)
                0x0000001000000628                __printk_hook_install
 .text.vprintk  0x0000001000000632       0x76 zephyr/libzephyr.a(printk.c.obj)
                0x0000001000000632                vprintk
 .text.printk   0x00000010000006a8       0x20 zephyr/libzephyr.a(printk.c.obj)
                0x00000010000006a8                printk
 .text.z_thread_entry
                0x00000010000006c8       0x2a zephyr/libzephyr.a(thread_entry.c.obj)
                0x00000010000006c8                z_thread_entry
 .text._ConfigAbsSyms
                0x00000010000006f2        0x2 zephyr/libzephyr.a(configs.c.obj)
                0x00000010000006f2                _ConfigAbsSyms
 .text.arch_irq_enable
                0x00000010000006f4       0x24 zephyr/libzephyr.a(soc_common_irq.c.obj)
                0x00000010000006f4                arch_irq_enable
 .text.z_riscv_irq_priority_set
                0x0000001000000718       0x18 zephyr/libzephyr.a(soc_common_irq.c.obj)
                0x0000001000000718                z_riscv_irq_priority_set
 .text.soc_interrupt_init
                0x0000001000000730        0xe zephyr/libzephyr.a(soc_common_irq.c.obj)
                0x0000001000000730                soc_interrupt_init
 .text.sys_trace_idle
                0x000000100000073e        0x2 zephyr/libzephyr.a(tracing_none.c.obj)
                0x000000100000073e                sys_trace_idle
 .text.arch_cpu_idle
                0x0000001000000740       0x16 zephyr/arch/arch/riscv/core/libarch__riscv__core.a(cpu_idle.c.obj)
                0x0000001000000740                arch_cpu_idle
 .text.z_riscv_get_sp_before_exc
                0x0000001000000756        0x6 zephyr/arch/arch/riscv/core/libarch__riscv__core.a(fatal.c.obj)
                0x0000001000000756                z_riscv_get_sp_before_exc
 .text.z_riscv_fatal_error_csf
                0x000000100000075c       0x24 zephyr/arch/arch/riscv/core/libarch__riscv__core.a(fatal.c.obj)
                0x000000100000075c                z_riscv_fatal_error_csf
 .text.z_riscv_fatal_error
                0x0000001000000780        0xa zephyr/arch/arch/riscv/core/libarch__riscv__core.a(fatal.c.obj)
                0x0000001000000780                z_riscv_fatal_error
 .text._Fault   0x000000100000078a        0xc zephyr/arch/arch/riscv/core/libarch__riscv__core.a(fatal.c.obj)
                0x000000100000078a                _Fault
 .text.z_irq_spurious
                0x0000001000000796       0x22 zephyr/arch/arch/riscv/core/libarch__riscv__core.a(irq_manage.c.obj)
                0x0000001000000796                z_irq_spurious
 .text.z_prep_c
                0x00000010000007b8       0x10 zephyr/arch/arch/riscv/core/libarch__riscv__core.a(prep_c.c.obj)
                0x00000010000007b8                z_prep_c
 .text.arch_new_thread
                0x00000010000007c8       0x32 zephyr/arch/arch/riscv/core/libarch__riscv__core.a(thread.c.obj)
                0x00000010000007c8                arch_new_thread
 .text.sched_ipi_handler
                0x00000010000007fa       0x3a zephyr/arch/arch/riscv/core/libarch__riscv__core.a(smp.c.obj)
 .text.arch_cpu_start
                0x0000001000000834       0x52 zephyr/arch/arch/riscv/core/libarch__riscv__core.a(smp.c.obj)
                0x0000001000000834                arch_cpu_start
 .text.arch_secondary_cpu_init
                0x0000001000000886       0x7a zephyr/arch/arch/riscv/core/libarch__riscv__core.a(smp.c.obj)
                0x0000001000000886                arch_secondary_cpu_init
 .text.arch_sched_directed_ipi
                0x0000001000000900       0x66 zephyr/arch/arch/riscv/core/libarch__riscv__core.a(smp.c.obj)
                0x0000001000000900                arch_sched_directed_ipi
 .text.arch_smp_init
                0x0000001000000966       0x1c zephyr/arch/arch/riscv/core/libarch__riscv__core.a(smp.c.obj)
                0x0000001000000966                arch_smp_init
 .text.arch_tls_stack_setup
                0x0000001000000982       0x52 zephyr/arch/arch/riscv/core/libarch__riscv__core.a(tls.c.obj)
                0x0000001000000982                arch_tls_stack_setup
 .text.in_stack_bound
                0x00000010000009d4       0x20 zephyr/arch/arch/riscv/core/libarch__riscv__core.a(stacktrace.c.obj)
 .text.print_trace_address
                0x00000010000009f4        0x4 zephyr/arch/arch/riscv/core/libarch__riscv__core.a(stacktrace.c.obj)
 .text.walk_stackframe
                0x00000010000009f8       0xc2 zephyr/arch/arch/riscv/core/libarch__riscv__core.a(stacktrace.c.obj)
 .text.in_fatal_stack_bound
                0x0000001000000aba       0x48 zephyr/arch/arch/riscv/core/libarch__riscv__core.a(stacktrace.c.obj)
 .text.z_riscv_unwind_stack
                0x0000001000000b02       0x30 zephyr/arch/arch/riscv/core/libarch__riscv__core.a(stacktrace.c.obj)
                0x0000001000000b02                z_riscv_unwind_stack
 .text.z_impl_zephyr_fputc
                0x0000001000000b32       0x16 zephyr/lib/libc/picolibc/liblib__libc__picolibc.a(libc-hooks.c.obj)
                0x0000001000000b32                z_impl_zephyr_fputc
 .text.picolibc_put
                0x0000001000000b48       0x10 zephyr/lib/libc/picolibc/liblib__libc__picolibc.a(libc-hooks.c.obj)
 .text.__stdout_hook_install
                0x0000001000000b58       0x1e zephyr/lib/libc/picolibc/liblib__libc__picolibc.a(libc-hooks.c.obj)
                0x0000001000000b58                __stdout_hook_install
 .text.malloc_prepare
                0x0000001000000b76       0x26 zephyr/lib/libc/common/liblib__libc__common.a(malloc.c.obj)
 .text.plic_irq_config_func_0
                0x0000001000000b9c       0x16 zephyr/drivers/interrupt_controller/libdrivers__interrupt_controller.a(intc_plic.c.obj)
 .text.plic_irq_handler
                0x0000001000000bb2       0x90 zephyr/drivers/interrupt_controller/libdrivers__interrupt_controller.a(intc_plic.c.obj)
 .text.get_context_en_addr.isra.0
                0x0000001000000c42       0x30 zephyr/drivers/interrupt_controller/libdrivers__interrupt_controller.a(intc_plic.c.obj)
 .text.plic_irq_enable_set_state
                0x0000001000000c72       0x7c zephyr/drivers/interrupt_controller/libdrivers__interrupt_controller.a(intc_plic.c.obj)
 .text.plic_init
                0x0000001000000cee       0xc4 zephyr/drivers/interrupt_controller/libdrivers__interrupt_controller.a(intc_plic.c.obj)
 .text.riscv_plic_irq_enable
                0x0000001000000db2       0x28 zephyr/drivers/interrupt_controller/libdrivers__interrupt_controller.a(intc_plic.c.obj)
                0x0000001000000db2                riscv_plic_irq_enable
 .text.riscv_plic_set_priority
                0x0000001000000dda       0x26 zephyr/drivers/interrupt_controller/libdrivers__interrupt_controller.a(intc_plic.c.obj)
                0x0000001000000dda                riscv_plic_set_priority
 .text.riscv_plic_get_irq
                0x0000001000000e00       0x1a zephyr/drivers/interrupt_controller/libdrivers__interrupt_controller.a(intc_plic.c.obj)
                0x0000001000000e00                riscv_plic_get_irq
 .text.riscv_plic_get_dev
                0x0000001000000e1a       0x1a zephyr/drivers/interrupt_controller/libdrivers__interrupt_controller.a(intc_plic.c.obj)
                0x0000001000000e1a                riscv_plic_get_dev
 .text.uart_console_init
                0x0000001000000e34       0x36 zephyr/drivers/console/libdrivers__console.a(uart_console.c.obj)
 .text.console_out
                0x0000001000000e6a       0x40 zephyr/drivers/console/libdrivers__console.a(uart_console.c.obj)
 .text.uart_ns16550_config_get
                0x0000001000000eaa       0x2a zephyr/drivers/serial/libdrivers__serial.a(uart_ns16550.c.obj)
 .text.atomic_clear.isra.0
                0x0000001000000ed4        0xc zephyr/drivers/serial/libdrivers__serial.a(uart_ns16550.c.obj)
 .text.uart_ns16550_configure
                0x0000001000000ee0      0x1c2 zephyr/drivers/serial/libdrivers__serial.a(uart_ns16550.c.obj)
 .text.uart_ns16550_init
                0x00000010000010a2        0x4 zephyr/drivers/serial/libdrivers__serial.a(uart_ns16550.c.obj)
 .text.uart_ns16550_poll_out
                0x00000010000010a6       0x70 zephyr/drivers/serial/libdrivers__serial.a(uart_ns16550.c.obj)
 .text.uart_ns16550_err_check
                0x0000001000001116       0x6a zephyr/drivers/serial/libdrivers__serial.a(uart_ns16550.c.obj)
 .text.uart_ns16550_poll_in
                0x0000001000001180       0x78 zephyr/drivers/serial/libdrivers__serial.a(uart_ns16550.c.obj)
 .text.sys_clock_driver_init
                0x00000010000011f8       0x5c zephyr/drivers/timer/libdrivers__timer.a(riscv_machine_timer.c.obj)
 .text.atomic_clear.constprop.0.isra.0
                0x0000001000001254       0x14 zephyr/drivers/timer/libdrivers__timer.a(riscv_machine_timer.c.obj)
 .text.timer_isr
                0x0000001000001268       0x8c zephyr/drivers/timer/libdrivers__timer.a(riscv_machine_timer.c.obj)
 .text.sys_clock_set_timeout
                0x00000010000012f4       0xb4 zephyr/drivers/timer/libdrivers__timer.a(riscv_machine_timer.c.obj)
                0x00000010000012f4                sys_clock_set_timeout
 .text.sys_clock_elapsed
                0x00000010000013a8       0x6e zephyr/drivers/timer/libdrivers__timer.a(riscv_machine_timer.c.obj)
                0x00000010000013a8                sys_clock_elapsed
 .text.smp_timer_init
                0x0000001000001416       0x2a zephyr/drivers/timer/libdrivers__timer.a(riscv_machine_timer.c.obj)
                0x0000001000001416                smp_timer_init
 .text.z_device_state_init
                0x0000001000001440        0x2 zephyr/kernel/libkernel.a(device.c.obj)
                0x0000001000001440                z_device_state_init
 .text.z_impl_device_is_ready
                0x0000001000001442       0x1c zephyr/kernel/libkernel.a(device.c.obj)
                0x0000001000001442                z_impl_device_is_ready
 .text.arch_system_halt
                0x000000100000145e        0x6 zephyr/kernel/libkernel.a(fatal.c.obj)
                0x000000100000145e                arch_system_halt
 .text.k_sys_fatal_error_handler
                0x0000001000001464        0x8 zephyr/kernel/libkernel.a(fatal.c.obj)
                0x0000001000001464                k_sys_fatal_error_handler
 .text.z_fatal_error
                0x000000100000146c       0x36 zephyr/kernel/libkernel.a(fatal.c.obj)
                0x000000100000146c                z_fatal_error
 .text.do_device_init
                0x00000010000014a2       0x4a zephyr/kernel/libkernel.a(init.c.obj)
 .text.z_sys_init_run_level
                0x00000010000014ec       0x4c zephyr/kernel/libkernel.a(init.c.obj)
 .text.bg_thread_main
                0x0000001000001538       0xd6 zephyr/kernel/libkernel.a(init.c.obj)
 .text.z_early_memset
                0x000000100000160e        0x4 zephyr/kernel/libkernel.a(init.c.obj)
                0x000000100000160e                z_early_memset
 .text.z_bss_zero
                0x0000001000001612       0x16 zephyr/kernel/libkernel.a(init.c.obj)
                0x0000001000001612                z_bss_zero
 .text.z_init_cpu
                0x0000001000001628       0x96 zephyr/kernel/libkernel.a(init.c.obj)
                0x0000001000001628                z_init_cpu
 .text.z_cstart
                0x00000010000016be      0x1bc zephyr/kernel/libkernel.a(init.c.obj)
                0x00000010000016be                z_cstart
 .text.z_init_static
                0x000000100000187a        0x2 zephyr/kernel/libkernel.a(init_static.c.obj)
                0x000000100000187a                z_init_static
 .text.cpu_mask_mod
                0x000000100000187c       0x86 zephyr/kernel/libkernel.a(cpu_mask.c.obj)
 .text.k_thread_cpu_mask_clear
                0x0000001000001902        0x6 zephyr/kernel/libkernel.a(cpu_mask.c.obj)
                0x0000001000001902                k_thread_cpu_mask_clear
 .text.k_thread_cpu_mask_enable
                0x0000001000001908        0xc zephyr/kernel/libkernel.a(cpu_mask.c.obj)
                0x0000001000001908                k_thread_cpu_mask_enable
 .text.idle     0x0000001000001914        0xe zephyr/kernel/libkernel.a(idle.c.obj)
                0x0000001000001914                idle
 .text.arch_spin_relax
                0x0000001000001922        0x4 zephyr/kernel/libkernel.a(idle.c.obj)
                0x0000001000001922                arch_spin_relax
 .text.atomic_clear.constprop.0.isra.0
                0x0000001000001926       0x14 zephyr/kernel/libkernel.a(mutex.c.obj)
 .text.adjust_owner_prio.isra.0
                0x000000100000193a       0x10 zephyr/kernel/libkernel.a(mutex.c.obj)
 .text.z_impl_k_mutex_lock
                0x000000100000194a      0x154 zephyr/kernel/libkernel.a(mutex.c.obj)
                0x000000100000194a                z_impl_k_mutex_lock
 .text.z_impl_k_mutex_unlock
                0x0000001000001a9e       0xa2 zephyr/kernel/libkernel.a(mutex.c.obj)
                0x0000001000001a9e                z_impl_k_mutex_unlock
 .text.z_impl_k_thread_start
                0x0000001000001b40        0x4 zephyr/kernel/libkernel.a(thread.c.obj)
                0x0000001000001b40                z_impl_k_thread_start
 .text.z_setup_new_thread
                0x0000001000001b44       0xb6 zephyr/kernel/libkernel.a(thread.c.obj)
                0x0000001000001b44                z_setup_new_thread
 .text.z_impl_k_thread_create
                0x0000001000001bfa       0x44 zephyr/kernel/libkernel.a(thread.c.obj)
                0x0000001000001bfa                z_impl_k_thread_create
 .text.sys_dlist_remove
                0x0000001000001c3e       0x12 zephyr/kernel/libkernel.a(sched.c.obj)
 .text.arch_is_in_isr
                0x0000001000001c50       0x16 zephyr/kernel/libkernel.a(sched.c.obj)
 .text.thread_active_elsewhere
                0x0000001000001c66       0x3e zephyr/kernel/libkernel.a(sched.c.obj)
 .text.unpend_thread_no_timeout
                0x0000001000001ca4       0x22 zephyr/kernel/libkernel.a(sched.c.obj)
 .text.z_sched_switch_spin
                0x0000001000001cc6       0x1e zephyr/kernel/libkernel.a(sched.c.obj)
 .text.atomic_clear.isra.0
                0x0000001000001ce4        0xc zephyr/kernel/libkernel.a(sched.c.obj)
 .text.z_requeue_current
                0x0000001000001cf0       0x54 zephyr/kernel/libkernel.a(sched.c.obj)
                0x0000001000001cf0                z_requeue_current
 .text.z_unpend_first_thread
                0x0000001000001d44       0x72 zephyr/kernel/libkernel.a(sched.c.obj)
                0x0000001000001d44                z_unpend_first_thread
 .text.z_sched_init
                0x0000001000001db6       0x16 zephyr/kernel/libkernel.a(sched.c.obj)
                0x0000001000001db6                z_sched_init
 .text.z_impl_k_sched_current_thread_query
                0x0000001000001dcc       0x12 zephyr/kernel/libkernel.a(sched.c.obj)
                0x0000001000001dcc                z_impl_k_sched_current_thread_query
 .text.k_sched_current_thread_query
                0x0000001000001dde        0x2 zephyr/kernel/libkernel.a(sched.c.obj)
 .text.unready_thread
                0x0000001000001de0       0x4e zephyr/kernel/libkernel.a(sched.c.obj)
 .text.add_to_waitq_locked
                0x0000001000001e2e       0x60 zephyr/kernel/libkernel.a(sched.c.obj)
 .text.k_sched_lock
                0x0000001000001e8e       0x5c zephyr/kernel/libkernel.a(sched.c.obj)
                0x0000001000001e8e                k_sched_lock
 .text.move_thread_to_end_of_prio_q
                0x0000001000001eea       0xca zephyr/kernel/libkernel.a(sched.c.obj)
                0x0000001000001eea                move_thread_to_end_of_prio_q
 .text.ready_thread
                0x0000001000001fb4       0xb0 zephyr/kernel/libkernel.a(sched.c.obj)
 .text.unpend_all
                0x0000001000002064       0x3c zephyr/kernel/libkernel.a(sched.c.obj)
 .text.halt_thread
                0x00000010000020a0       0xec zephyr/kernel/libkernel.a(sched.c.obj)
 .text.z_swap_next_thread
                0x000000100000218c      0x13a zephyr/kernel/libkernel.a(sched.c.obj)
                0x000000100000218c                z_swap_next_thread
 .text.z_swap   0x00000010000022c6       0xcc zephyr/kernel/libkernel.a(sched.c.obj)
 .text.z_reschedule
                0x0000001000002392       0x46 zephyr/kernel/libkernel.a(sched.c.obj)
                0x0000001000002392                z_reschedule
 .text.z_thread_halt
                0x00000010000023d8       0xee zephyr/kernel/libkernel.a(sched.c.obj)
 .text.z_impl_k_thread_suspend
                0x00000010000024c6       0x78 zephyr/kernel/libkernel.a(sched.c.obj)
                0x00000010000024c6                z_impl_k_thread_suspend
 .text.z_pend_curr
                0x000000100000253e       0x84 zephyr/kernel/libkernel.a(sched.c.obj)
                0x000000100000253e                z_pend_curr
 .text.z_impl_k_yield
                0x00000010000025c2       0x80 zephyr/kernel/libkernel.a(sched.c.obj)
                0x00000010000025c2                z_impl_k_yield
 .text.z_tick_sleep
                0x0000001000002642       0xb4 zephyr/kernel/libkernel.a(sched.c.obj)
 .text.z_impl_k_sleep
                0x00000010000026f6       0x1c zephyr/kernel/libkernel.a(sched.c.obj)
                0x00000010000026f6                z_impl_k_sleep
 .text.z_reschedule_irqlock
                0x0000001000002712       0xe4 zephyr/kernel/libkernel.a(sched.c.obj)
                0x0000001000002712                z_reschedule_irqlock
 .text.k_sched_unlock
                0x00000010000027f6       0x6a zephyr/kernel/libkernel.a(sched.c.obj)
                0x00000010000027f6                k_sched_unlock
 .text.z_get_next_switch_handle
                0x0000001000002860      0x20c zephyr/kernel/libkernel.a(sched.c.obj)
                0x0000001000002860                z_get_next_switch_handle
 .text.z_ready_thread
                0x0000001000002a6c       0x62 zephyr/kernel/libkernel.a(sched.c.obj)
                0x0000001000002a6c                z_ready_thread
 .text.z_sched_wake_thread
                0x0000001000002ace       0x88 zephyr/kernel/libkernel.a(sched.c.obj)
                0x0000001000002ace                z_sched_wake_thread
 .text.z_thread_timeout
                0x0000001000002b56        0x8 zephyr/kernel/libkernel.a(sched.c.obj)
                0x0000001000002b56                z_thread_timeout
 .text.z_sched_start
                0x0000001000002b5e       0x7e zephyr/kernel/libkernel.a(sched.c.obj)
                0x0000001000002b5e                z_sched_start
 .text.z_thread_prio_set
                0x0000001000002bdc      0x148 zephyr/kernel/libkernel.a(sched.c.obj)
                0x0000001000002bdc                z_thread_prio_set
 .text.z_thread_abort
                0x0000001000002d24       0x90 zephyr/kernel/libkernel.a(sched.c.obj)
                0x0000001000002d24                z_thread_abort
 .text.z_impl_k_thread_abort
                0x0000001000002db4        0x2 zephyr/kernel/libkernel.a(sched.c.obj)
                0x0000001000002db4                z_impl_k_thread_abort
 .text.local_delay
                0x0000001000002db6       0x1a zephyr/kernel/libkernel.a(smp.c.obj)
 .text.atomic_set.isra.0
                0x0000001000002dd0        0xa zephyr/kernel/libkernel.a(smp.c.obj)
 .text.atomic_clear.isra.0
                0x0000001000002dda        0x4 zephyr/kernel/libkernel.a(smp.c.obj)
 .text.start_cpu
                0x0000001000002dde       0x5c zephyr/kernel/libkernel.a(smp.c.obj)
 .text.smp_init_top
                0x0000001000002e3a      0x16c zephyr/kernel/libkernel.a(smp.c.obj)
 .text.z_smp_global_lock
                0x0000001000002fa6       0x5a zephyr/kernel/libkernel.a(smp.c.obj)
                0x0000001000002fa6                z_smp_global_lock
 .text.z_smp_global_unlock
                0x0000001000003000       0x38 zephyr/kernel/libkernel.a(smp.c.obj)
                0x0000001000003000                z_smp_global_unlock
 .text.z_smp_release_global_lock
                0x0000001000003038       0x12 zephyr/kernel/libkernel.a(smp.c.obj)
                0x0000001000003038                z_smp_release_global_lock
 .text.z_smp_init
                0x000000100000304a       0x42 zephyr/kernel/libkernel.a(smp.c.obj)
                0x000000100000304a                z_smp_init
 .text.flag_ipi
                0x000000100000308c       0x16 zephyr/kernel/libkernel.a(ipi.c.obj)
                0x000000100000308c                flag_ipi
 .text.ipi_mask_create
                0x00000010000030a2        0x4 zephyr/kernel/libkernel.a(ipi.c.obj)
                0x00000010000030a2                ipi_mask_create
 .text.signal_pending_ipi
                0x00000010000030a6       0x1c zephyr/kernel/libkernel.a(ipi.c.obj)
                0x00000010000030a6                signal_pending_ipi
 .text.z_sched_ipi
                0x00000010000030c2       0x1a zephyr/kernel/libkernel.a(ipi.c.obj)
                0x00000010000030c2                z_sched_ipi
 .text.slice_timeout
                0x00000010000030dc       0x30 zephyr/kernel/libkernel.a(timeslicing.c.obj)
 .text.thread_is_sliceable
                0x000000100000310c       0x42 zephyr/kernel/libkernel.a(timeslicing.c.obj)
                0x000000100000310c                thread_is_sliceable
 .text.z_reset_time_slice
                0x000000100000314e       0x6a zephyr/kernel/libkernel.a(timeslicing.c.obj)
                0x000000100000314e                z_reset_time_slice
 .text.z_time_slice
                0x00000010000031b8       0x8a zephyr/kernel/libkernel.a(timeslicing.c.obj)
                0x00000010000031b8                z_time_slice
 .text.elapsed  0x0000001000003242       0x12 zephyr/kernel/libkernel.a(timeout.c.obj)
 .text.remove_timeout
                0x0000001000003254       0x2c zephyr/kernel/libkernel.a(timeout.c.obj)
 .text.atomic_clear.constprop.0.isra.0
                0x0000001000003280       0x14 zephyr/kernel/libkernel.a(timeout.c.obj)
 .text.next_timeout
                0x0000001000003294       0x4a zephyr/kernel/libkernel.a(timeout.c.obj)
 .text.z_add_timeout
                0x00000010000032de       0xe4 zephyr/kernel/libkernel.a(timeout.c.obj)
                0x00000010000032de                z_add_timeout
 .text.z_abort_timeout
                0x00000010000033c2       0x5c zephyr/kernel/libkernel.a(timeout.c.obj)
                0x00000010000033c2                z_abort_timeout
 .text.sys_clock_announce
                0x000000100000341e      0x14e zephyr/kernel/libkernel.a(timeout.c.obj)
                0x000000100000341e                sys_clock_announce
 .text.sys_clock_tick_get
                0x000000100000356c       0x58 zephyr/kernel/libkernel.a(timeout.c.obj)
                0x000000100000356c                sys_clock_tick_get
 .text.sys_clock_tick_get_32
                0x00000010000035c4       0x10 zephyr/kernel/libkernel.a(timeout.c.obj)
                0x00000010000035c4                sys_clock_tick_get_32
 .text.boot_banner
                0x00000010000035d4        0xc zephyr/kernel/libkernel.a(banner.c.obj)
                0x00000010000035d4                boot_banner
 .text.strnlen  0x00000010000035e0       0x18 /home/alex/bin/zephyr-sdk-0.16.8/riscv64-zephyr-elf/bin/../lib/gcc/../../picolibc/riscv64-zephyr-elf/lib/rv64imac_zicsr_zifencei/lp64/medany/libc.a(libc_string_strnlen.c.o)
                0x00000010000035e0                strnlen
 .text.printf   0x00000010000035f8       0x2a /home/alex/bin/zephyr-sdk-0.16.8/riscv64-zephyr-elf/bin/../lib/gcc/../../picolibc/riscv64-zephyr-elf/lib/rv64imac_zicsr_zifencei/lp64/medany/libc.a(libc_tinystdio_printf.c.o)
                0x00000010000035f8                printf
 .text.__ultoa_invert
                0x0000001000003622       0x3a /home/alex/bin/zephyr-sdk-0.16.8/riscv64-zephyr-elf/bin/../lib/gcc/../../picolibc/riscv64-zephyr-elf/lib/rv64imac_zicsr_zifencei/lp64/medany/libc.a(libc_tinystdio_vflprintf.c.o)
 .text.__l_vfprintf
                0x000000100000365c      0x4ec /home/alex/bin/zephyr-sdk-0.16.8/riscv64-zephyr-elf/bin/../lib/gcc/../../picolibc/riscv64-zephyr-elf/lib/rv64imac_zicsr_zifencei/lp64/medany/libc.a(libc_tinystdio_vflprintf.c.o)
                0x000000100000365c                __l_vfprintf
 .text.memcpy   0x0000001000003b48       0x16 /home/alex/bin/zephyr-sdk-0.16.8/riscv64-zephyr-elf/bin/../lib/gcc/../../picolibc/riscv64-zephyr-elf/lib/rv64imac_zicsr_zifencei/lp64/medany/libc.a(memcpy-asm.S.o)
                0x0000001000003b48                memcpy
 .text.memset   0x0000001000003b5e       0x10 /home/alex/bin/zephyr-sdk-0.16.8/riscv64-zephyr-elf/bin/../lib/gcc/../../picolibc/riscv64-zephyr-elf/lib/rv64imac_zicsr_zifencei/lp64/medany/libc.a(memset.S.o)
                0x0000001000003b5e                memset
 *(SORT_BY_ALIGNMENT(.gnu.linkonce.t.*))
                0x0000001000003b6e                __text_region_end = .
                0x0000001000003b6e                __rodata_region_start = .

initlevel       0x0000001000003b70       0x50
                0x0000001000003b70                __init_start = .
                0x0000001000003b70                __init_EARLY_start = .
 *(SORT_BY_NAME(SORT_BY_ALIGNMENT(.z_init_EARLY?_*)))
 *(SORT_BY_NAME(SORT_BY_ALIGNMENT(.z_init_EARLY??_*)))
                0x0000001000003b70                __init_PRE_KERNEL_1_start = .
 *(SORT_BY_NAME(SORT_BY_ALIGNMENT(.z_init_PRE_KERNEL_1?_*)))
 *(SORT_BY_NAME(SORT_BY_ALIGNMENT(.z_init_PRE_KERNEL_1??_*)))
 .z_init_PRE_KERNEL_140_00018_
                0x0000001000003b70       0x10 zephyr/drivers/interrupt_controller/libdrivers__interrupt_controller.a(intc_plic.c.obj)
 .z_init_PRE_KERNEL_150_00030_
                0x0000001000003b80       0x10 zephyr/drivers/serial/libdrivers__serial.a(uart_ns16550.c.obj)
 .z_init_PRE_KERNEL_160_0_
                0x0000001000003b90       0x10 zephyr/drivers/console/libdrivers__console.a(uart_console.c.obj)
                0x0000001000003ba0                __init_PRE_KERNEL_2_start = .
 *(SORT_BY_NAME(SORT_BY_ALIGNMENT(.z_init_PRE_KERNEL_2?_*)))
 .z_init_PRE_KERNEL_20_0_
                0x0000001000003ba0       0x10 zephyr/drivers/timer/libdrivers__timer.a(riscv_machine_timer.c.obj)
 *(SORT_BY_NAME(SORT_BY_ALIGNMENT(.z_init_PRE_KERNEL_2??_*)))
                0x0000001000003bb0                __init_POST_KERNEL_start = .
 *(SORT_BY_NAME(SORT_BY_ALIGNMENT(.z_init_POST_KERNEL?_*)))
 *(SORT_BY_NAME(SORT_BY_ALIGNMENT(.z_init_POST_KERNEL??_*)))
 .z_init_POST_KERNEL35_0_
                0x0000001000003bb0       0x10 zephyr/lib/libc/common/liblib__libc__common.a(malloc.c.obj)
                0x0000001000003bc0                __init_APPLICATION_start = .
 *(SORT_BY_NAME(SORT_BY_ALIGNMENT(.z_init_APPLICATION?_*)))
 *(SORT_BY_NAME(SORT_BY_ALIGNMENT(.z_init_APPLICATION??_*)))
                0x0000001000003bc0                __init_SMP_start = .
 *(SORT_BY_NAME(SORT_BY_ALIGNMENT(.z_init_SMP?_*)))
 *(SORT_BY_NAME(SORT_BY_ALIGNMENT(.z_init_SMP??_*)))
                0x0000001000003bc0                __init_end = .
                0x0000001000003bc0                __deferred_init_list_start = .
 *(SORT_BY_ALIGNMENT(.z_deferred_init*))
                0x0000001000003bc0                __deferred_init_list_end = .

device_area     0x0000001000003bc0       0x50
                0x0000001000003bc0                _device_list_start = .
 *(SORT_BY_NAME(SORT_BY_ALIGNMENT(._device.static.*_?_*)))
 *(SORT_BY_NAME(SORT_BY_ALIGNMENT(._device.static.*_??_*)))
 ._device.static.1_40_
                0x0000001000003bc0       0x28 zephyr/drivers/interrupt_controller/libdrivers__interrupt_controller.a(intc_plic.c.obj)
                0x0000001000003bc0                __device_dts_ord_18
 ._device.static.1_50_
                0x0000001000003be8       0x28 zephyr/drivers/serial/libdrivers__serial.a(uart_ns16550.c.obj)
                0x0000001000003be8                __device_dts_ord_30
                0x0000001000003c10                _device_list_end = .

sw_isr_table    0x0000001000003c10      0xba0
                0x0000001000003c10                . = ALIGN (0x4)
 *(SORT_BY_ALIGNMENT(.gnu.linkonce.sw_isr_table*))
 .gnu.linkonce.sw_isr_table
                0x0000001000003c10      0xba0 zephyr/CMakeFiles/zephyr_final.dir/isr_tables.c.obj
                0x0000001000003c10                _sw_isr_table

initlevel_error
                0x0000001000003b6e        0x0
 *(SORT_BY_NAME(SORT_BY_ALIGNMENT(.z_init_[_A-Z0-9]*)))
                0x0000000000000001                ASSERT ((SIZEOF (initlevel_error) == 0x0), Undefined initialization levels used.)

app_shmem_regions
                0x00000010000047b0        0x0
                0x00000010000047b0                __app_shmem_regions_start = .
 *(SORT_BY_NAME(SORT_BY_ALIGNMENT(.app_regions.*)))
                0x00000010000047b0                __app_shmem_regions_end = .

k_p4wq_initparam_area
                0x00000010000047b0        0x0
                0x00000010000047b0                _k_p4wq_initparam_list_start = .
 *(SORT_BY_NAME(SORT_BY_ALIGNMENT(._k_p4wq_initparam.static.*)))
                0x00000010000047b0                _k_p4wq_initparam_list_end = .

_static_thread_data_area
                0x00000010000047b0        0x0
                0x00000010000047b0                __static_thread_data_list_start = .
 *(SORT_BY_NAME(SORT_BY_ALIGNMENT(.__static_thread_data.static.*)))
                0x00000010000047b0                __static_thread_data_list_end = .

device_deps     0x00000010000047b0        0x0
                0x00000010000047b0                __device_deps_start = .
 *(SORT_BY_NAME(SORT_BY_ALIGNMENT(.__device_deps_pass2*)))
                0x00000010000047b0                __device_deps_end = .

ztest           0x00000010000047b0        0x0
                0x00000010000047b0                _ztest_expected_result_entry_list_start = .
 *(SORT_BY_NAME(SORT_BY_ALIGNMENT(._ztest_expected_result_entry.static.*)))
                0x00000010000047b0                _ztest_expected_result_entry_list_end = .
                0x00000010000047b0                _ztest_suite_node_list_start = .
 *(SORT_BY_NAME(SORT_BY_ALIGNMENT(._ztest_suite_node.static.*)))
                0x00000010000047b0                _ztest_suite_node_list_end = .
                0x00000010000047b0                _ztest_unit_test_list_start = .
 *(SORT_BY_NAME(SORT_BY_ALIGNMENT(._ztest_unit_test.static.*)))
                0x00000010000047b0                _ztest_unit_test_list_end = .
                0x00000010000047b0                _ztest_test_rule_list_start = .
 *(SORT_BY_NAME(SORT_BY_ALIGNMENT(._ztest_test_rule.static.*)))
                0x00000010000047b0                _ztest_test_rule_list_end = .

init_array      0x00000010000047b0        0x0
 *(SORT_BY_NAME(SORT_BY_ALIGNMENT(.ctors*)))
 *(SORT_BY_NAME(SORT_BY_ALIGNMENT(.init_array*)))
                0x0000000000000001                ASSERT ((SIZEOF (init_array) == 0x0), GNU-style constructors required but STATIC_INIT_GNU not enabled)

bt_l2cap_fixed_chan_area
                0x00000010000047b0        0x0
                0x00000010000047b0                _bt_l2cap_fixed_chan_list_start = .
 *(SORT_BY_NAME(SORT_BY_ALIGNMENT(._bt_l2cap_fixed_chan.static.*)))
                0x00000010000047b0                _bt_l2cap_fixed_chan_list_end = .

bt_gatt_service_static_area
                0x00000010000047b0        0x0
                0x00000010000047b0                _bt_gatt_service_static_list_start = .
 *(SORT_BY_NAME(SORT_BY_ALIGNMENT(._bt_gatt_service_static.static.*)))
                0x00000010000047b0                _bt_gatt_service_static_list_end = .

log_strings_area
                0x00000010000047b0        0x0
                0x00000010000047b0                _log_strings_list_start = .
 *(SORT_BY_NAME(SORT_BY_ALIGNMENT(._log_strings.static.*)))
                0x00000010000047b0                _log_strings_list_end = .

log_const_area  0x00000010000047b0        0x0
                0x00000010000047b0                _log_const_list_start = .
 *(SORT_BY_NAME(SORT_BY_ALIGNMENT(._log_const.static.*)))
                0x00000010000047b0                _log_const_list_end = .

log_backend_area
                0x00000010000047b0        0x0
                0x00000010000047b0                _log_backend_list_start = .
 *(SORT_BY_NAME(SORT_BY_ALIGNMENT(._log_backend.static.*)))
                0x00000010000047b0                _log_backend_list_end = .

log_link_area   0x00000010000047b0        0x0
                0x00000010000047b0                _log_link_list_start = .
 *(SORT_BY_NAME(SORT_BY_ALIGNMENT(._log_link.static.*)))
                0x00000010000047b0                _log_link_list_end = .

tracing_backend_area
                0x00000010000047b0        0x0
                0x00000010000047b0                _tracing_backend_list_start = .
 *(SORT_BY_NAME(SORT_BY_ALIGNMENT(._tracing_backend.static.*)))
                0x00000010000047b0                _tracing_backend_list_end = .

zephyr_dbg_info
 *(SORT_BY_ALIGNMENT(.dbg_thread_info))

intc_table_area
                0x00000010000047b0       0x18
                0x00000010000047b0                _intc_table_list_start = .
 *(SORT_BY_NAME(SORT_BY_ALIGNMENT(._intc_table.static.*)))
 ._intc_table.static.plic0_
                0x00000010000047b0       0x18 zephyr/drivers/interrupt_controller/libdrivers__interrupt_controller.a(intc_plic.c.obj)
                0x00000010000047c8                _intc_table_list_end = .

symbol_to_keep  0x00000010000047c8        0x0
                0x00000010000047c8                __symbol_to_keep_start = .
 *(SORT_BY_NAME(SORT_BY_ALIGNMENT(.symbol_to_keep*)))
                0x00000010000047c8                __symbol_to_keep_end = .

shell_area      0x00000010000047c8        0x0
                0x00000010000047c8                _shell_list_start = .
 *(SORT_BY_NAME(SORT_BY_ALIGNMENT(._shell.static.*)))
                0x00000010000047c8                _shell_list_end = .

shell_root_cmds_area
                0x00000010000047c8        0x0
                0x00000010000047c8                _shell_root_cmds_list_start = .
 *(SORT_BY_NAME(SORT_BY_ALIGNMENT(._shell_root_cmds.static.*)))
                0x00000010000047c8                _shell_root_cmds_list_end = .

shell_subcmds_area
                0x00000010000047c8        0x0
                0x00000010000047c8                _shell_subcmds_list_start = .
 *(SORT_BY_NAME(SORT_BY_ALIGNMENT(._shell_subcmds.static.*)))
                0x00000010000047c8                _shell_subcmds_list_end = .

shell_dynamic_subcmds_area
                0x00000010000047c8        0x0
                0x00000010000047c8                _shell_dynamic_subcmds_list_start = .
 *(SORT_BY_NAME(SORT_BY_ALIGNMENT(._shell_dynamic_subcmds.static.*)))
                0x00000010000047c8                _shell_dynamic_subcmds_list_end = .

cfb_font_area   0x00000010000047c8        0x0
                0x00000010000047c8                _cfb_font_list_start = .
 *(SORT_BY_NAME(SORT_BY_ALIGNMENT(._cfb_font.static.*)))
                0x00000010000047c8                _cfb_font_list_end = .

tdata           0x00000010000047c8        0x0
 *(SORT_BY_ALIGNMENT(.tdata) SORT_BY_ALIGNMENT(.tdata.*) SORT_BY_ALIGNMENT(.gnu.linkonce.td.*))

tbss            0x00000010000047c8        0x8
 *(SORT_BY_ALIGNMENT(.tbss) SORT_BY_ALIGNMENT(.tbss.*) SORT_BY_ALIGNMENT(.gnu.linkonce.tb.*) SORT_BY_ALIGNMENT(.tcommon))
 .tbss.z_tls_current
                0x00000010000047c8        0x8 zephyr/libzephyr.a(thread_entry.c.obj)
                0x00000010000047c8                z_tls_current
                0x00000010000047c8                PROVIDE (__tdata_start = ADDR (tdata))
                0x0000000000000001                PROVIDE (__tdata_align = ALIGNOF (tdata))
                0x0000000000000000                PROVIDE (__tdata_size = (((SIZEOF (tdata) + __tdata_align) - 0x1) & ~ ((__tdata_align - 0x1))))
                [!provide]                        PROVIDE (__tdata_end = (__tdata_start + __tdata_size))
                0x0000000000000008                PROVIDE (__tbss_align = ALIGNOF (tbss))
                [!provide]                        PROVIDE (__tbss_start = ADDR (tbss))
                0x0000000000000008                PROVIDE (__tbss_size = (((SIZEOF (tbss) + __tbss_align) - 0x1) & ~ ((__tbss_align - 0x1))))
                [!provide]                        PROVIDE (__tbss_end = (__tbss_start + __tbss_size))
                [!provide]                        PROVIDE (__tls_start = __tdata_start)
                [!provide]                        PROVIDE (__tls_end = __tbss_end)
                [!provide]                        PROVIDE (__tls_size = (__tbss_end - __tdata_start))

rodata          0x00000010000047c8      0x3d8
                0x00000010000047c8                . = ALIGN (0x4)
 *(SORT_BY_ALIGNMENT(.srodata))
 *(SORT_BY_ALIGNMENT(.srodata.*))
 .srodata.stdout
                0x00000010000047c8        0x8 zephyr/lib/libc/picolibc/liblib__libc__picolibc.a(libc-hooks.c.obj)
                0x00000010000047c8                stdout
                0x00000010000047c8                stderr
 *(SORT_BY_ALIGNMENT(.rodata))
 .rodata        0x00000010000047d0      0x100 /home/alex/bin/zephyr-sdk-0.16.8/riscv64-zephyr-elf/bin/../lib/gcc/riscv64-zephyr-elf/12.2.0/rv64imac_zicsr_zifencei/lp64/medany/libgcc.a(_clz.o)
                0x00000010000047d0                __clz_tab
 *(SORT_BY_ALIGNMENT(.rodata.*))
 .rodata.thread0_entry.str1.8
                0x00000010000048d0       0x1c app/libapp.a(main.c.obj)
 *fill*         0x00000010000048ec        0x4 
 .rodata.thread2_entry.str1.8
                0x00000010000048f0       0x1c app/libapp.a(main.c.obj)
 *fill*         0x000000100000490c        0x4 
 .rodata.thread1_entry.str1.8
                0x0000001000004910       0x1c app/libapp.a(main.c.obj)
 *fill*         0x000000100000492c        0x4 
 .rodata.main.str1.8
                0x0000001000004930       0x77 app/libapp.a(main.c.obj)
 *fill*         0x00000010000049a7        0x1 
 .rodata.str1.8
                0x00000010000049a8       0x1d zephyr/drivers/interrupt_controller/libdrivers__interrupt_controller.a(intc_plic.c.obj)
 *fill*         0x00000010000049c5        0x3 
 .rodata.plic_config_0
                0x00000010000049c8       0x40 zephyr/drivers/interrupt_controller/libdrivers__interrupt_controller.a(intc_plic.c.obj)
 .rodata.plic_hart_contexts_0
                0x0000001000004a08       0x14 zephyr/drivers/interrupt_controller/libdrivers__interrupt_controller.a(intc_plic.c.obj)
 *fill*         0x0000001000004a1c        0x4 
 .rodata.str1.8
                0x0000001000004a20        0xe zephyr/drivers/serial/libdrivers__serial.a(uart_ns16550.c.obj)
 *fill*         0x0000001000004a2e        0x2 
 .rodata.uart_ns16550_dev_cfg_0
                0x0000001000004a30       0x28 zephyr/drivers/serial/libdrivers__serial.a(uart_ns16550.c.obj)
 .rodata.uart_ns16550_driver_api
                0x0000001000004a58       0x28 zephyr/drivers/serial/libdrivers__serial.a(uart_ns16550.c.obj)
 .rodata.z_cstart.str1.8
                0x0000001000004a80        0x5 zephyr/kernel/libkernel.a(init.c.obj)
 *fill*         0x0000001000004a85        0x3 
 .rodata.levels.0
                0x0000001000004a88       0x38 zephyr/kernel/libkernel.a(init.c.obj)
 .rodata.boot_banner.str1.8
                0x0000001000004ac0       0x3b zephyr/kernel/libkernel.a(banner.c.obj)
 *fill*         0x0000001000004afb        0x5 
 .rodata.__l_vfprintf.str1.8
                0x0000001000004b00       0x10 /home/alex/bin/zephyr-sdk-0.16.8/riscv64-zephyr-elf/bin/../lib/gcc/../../picolibc/riscv64-zephyr-elf/lib/rv64imac_zicsr_zifencei/lp64/medany/libc.a(libc_tinystdio_vflprintf.c.o)
 .rodata.__l_vfprintf
                0x0000001000004b10       0x90 /home/alex/bin/zephyr-sdk-0.16.8/riscv64-zephyr-elf/bin/../lib/gcc/../../picolibc/riscv64-zephyr-elf/lib/rv64imac_zicsr_zifencei/lp64/medany/libc.a(libc_tinystdio_vflprintf.c.o)
 *(SORT_BY_ALIGNMENT(.gnu.linkonce.r.*))
 *(SORT_BY_ALIGNMENT(.sdata2) SORT_BY_ALIGNMENT(.sdata2.*) SORT_BY_ALIGNMENT(.gnu.linkonce.s2.*))
                0x0000001000004ba0                . = ALIGN (0x4)
                0x0000001000004ba0                __rodata_region_end = .
                0x0000001000004ba0                __rom_region_end = .
                0x0000000000004ba0                __rom_region_size = (__rom_region_end - __rom_region_start)
                0x0000001000000000                . = 0x1000000000
                0x0000001000000000                _image_ram_start = .

bss             0x0000001000004ba0      0xcd0
                0x0000001000004ba0                . = ALIGN (0x4)
                0x0000001000004ba0                __bss_start = .
                0x0000001000004ba0                __kernel_ram_start = .
 *(SORT_BY_ALIGNMENT(.sbss))
 *(SORT_BY_ALIGNMENT(.sbss.*))
 .sbss.lock     0x0000001000004ba0        0x8 zephyr/libzephyr.a(printk.c.obj)
 .sbss.riscv_cpu_sp
                0x0000001000004ba8        0x8 zephyr/arch/arch/riscv/core/libarch__riscv__core.a(smp.c.obj)
                0x0000001000004ba8                riscv_cpu_sp
 .sbss.riscv_cpu_boot_flag
                0x0000001000004bb0        0x8 zephyr/arch/arch/riscv/core/libarch__riscv__core.a(smp.c.obj)
                0x0000001000004bb0                riscv_cpu_boot_flag
 .sbss._stdout_hook
                0x0000001000004bb8        0x8 zephyr/lib/libc/picolibc/liblib__libc__picolibc.a(libc-hooks.c.obj)
 .sbss.last_ticks
                0x0000001000004bc0        0x8 zephyr/drivers/timer/libdrivers__timer.a(riscv_machine_timer.c.obj)
 .sbss.last_count
                0x0000001000004bc8        0x8 zephyr/drivers/timer/libdrivers__timer.a(riscv_machine_timer.c.obj)
 .sbss.lock     0x0000001000004bd0        0x8 zephyr/drivers/timer/libdrivers__timer.a(riscv_machine_timer.c.obj)
 .sbss.lock     0x0000001000004bd8        0x8 zephyr/kernel/libkernel.a(mutex.c.obj)
 .sbss._sched_spinlock
                0x0000001000004be0        0x8 zephyr/kernel/libkernel.a(sched.c.obj)
                0x0000001000004be0                _sched_spinlock
 .sbss.ready_flag
                0x0000001000004be8        0x8 zephyr/kernel/libkernel.a(smp.c.obj)
 .sbss.cpu_start_flag
                0x0000001000004bf0        0x8 zephyr/kernel/libkernel.a(smp.c.obj)
 .sbss.global_lock
                0x0000001000004bf8        0x8 zephyr/kernel/libkernel.a(smp.c.obj)
 .sbss.slice_expired
                0x0000001000004c00        0x4 zephyr/kernel/libkernel.a(timeslicing.c.obj)
 *fill*         0x0000001000004c04        0x4 
 .sbss.timeout_lock
                0x0000001000004c08        0x8 zephyr/kernel/libkernel.a(timeout.c.obj)
 .sbss.curr_tick
                0x0000001000004c10        0x8 zephyr/kernel/libkernel.a(timeout.c.obj)
 .sbss.last_elapsed
                0x0000001000004c18        0x4 zephyr/drivers/timer/libdrivers__timer.a(riscv_machine_timer.c.obj)
 .sbss.slice_max_prio
                0x0000001000004c1c        0x4 zephyr/kernel/libkernel.a(timeslicing.c.obj)
 .sbss.slice_ticks
                0x0000001000004c20        0x4 zephyr/kernel/libkernel.a(timeslicing.c.obj)
 .sbss.announce_remaining
                0x0000001000004c24        0x4 zephyr/kernel/libkernel.a(timeout.c.obj)
 .sbss.z_sys_post_kernel
                0x0000001000004c28        0x1 zephyr/kernel/libkernel.a(init.c.obj)
                0x0000001000004c28                z_sys_post_kernel
 *(SORT_BY_ALIGNMENT(.bss))
 *(SORT_BY_ALIGNMENT(.bss.*))
 *fill*         0x0000001000004c29        0x7 
 .bss.thread2_data
                0x0000001000004c30      0x120 app/libapp.a(main.c.obj)
 .bss.thread1_data
                0x0000001000004d50      0x120 app/libapp.a(main.c.obj)
 .bss.thread0_data
                0x0000001000004e70      0x120 app/libapp.a(main.c.obj)
 .bss.cpu_pending_ipi
                0x0000001000004f90       0x20 zephyr/arch/arch/riscv/core/libarch__riscv__core.a(smp.c.obj)
 .bss.riscv_cpu_init
                0x0000001000004fb0       0x40 zephyr/arch/arch/riscv/core/libarch__riscv__core.a(smp.c.obj)
                0x0000001000004fb0                riscv_cpu_init
 .bss.z_malloc_heap
                0x0000001000004ff0       0x18 zephyr/lib/libc/common/liblib__libc__common.a(malloc.c.obj)
 .bss.plic_data_0
                0x0000001000005008        0x0 zephyr/drivers/interrupt_controller/libdrivers__interrupt_controller.a(intc_plic.c.obj)
 .bss.save_dev  0x0000001000005008       0x20 zephyr/drivers/interrupt_controller/libdrivers__interrupt_controller.a(intc_plic.c.obj)
 .bss.save_irq  0x0000001000005028       0x10 zephyr/drivers/interrupt_controller/libdrivers__interrupt_controller.a(intc_plic.c.obj)
 .bss.z_idle_threads
                0x0000001000005038      0x480 zephyr/kernel/libkernel.a(init.c.obj)
                0x0000001000005038                z_idle_threads
 .bss.z_main_thread
                0x00000010000054b8      0x120 zephyr/kernel/libkernel.a(init.c.obj)
                0x00000010000054b8                z_main_thread
 .bss._kernel   0x00000010000055d8       0xf8 zephyr/kernel/libkernel.a(init.c.obj)
                0x00000010000055d8                _kernel
 .bss._thread_dummy
                0x00000010000056d0      0x120 zephyr/kernel/libkernel.a(sched.c.obj)
                0x00000010000056d0                _thread_dummy
 .bss.slice_timeouts
                0x00000010000057f0       0x80 zephyr/kernel/libkernel.a(timeslicing.c.obj)
 *(SORT_BY_ALIGNMENT(COMMON))
                0x0000001000005870                __bss_end = ALIGN (0x4)

noinit          0x0000001000005870     0x4408
 *(SORT_BY_ALIGNMENT(.noinit))
 *(SORT_BY_ALIGNMENT(.noinit.*))
 .noinit."WEST_TOPDIR/applications/hello-smp/src/main.c".2
                0x0000001000005870      0x400 app/libapp.a(main.c.obj)
                0x0000001000005870                thread2_stack
 .noinit."WEST_TOPDIR/applications/hello-smp/src/main.c".1
                0x0000001000005c70      0x400 app/libapp.a(main.c.obj)
                0x0000001000005c70                thread1_stack
 .noinit."WEST_TOPDIR/applications/hello-smp/src/main.c".0
                0x0000001000006070      0x400 app/libapp.a(main.c.obj)
                0x0000001000006070                thread0_stack
 .noinit."WEST_TOPDIR/zephyr/kernel/init.c".2
                0x0000001000006470     0x2000 zephyr/kernel/libkernel.a(init.c.obj)
                0x0000001000006470                z_interrupt_stacks
 .noinit."WEST_TOPDIR/zephyr/kernel/init.c".1
                0x0000001000008470      0x800 zephyr/kernel/libkernel.a(init.c.obj)
 .noinit."WEST_TOPDIR/zephyr/kernel/init.c".0
                0x0000001000008c70     0x1000 zephyr/kernel/libkernel.a(init.c.obj)
                0x0000001000008c70                z_main_stack
 .noinit."WEST_TOPDIR/zephyr/arch/riscv/core/smp.c".0
                0x0000001000009c70        0x8 zephyr/arch/arch/riscv/core/libarch__riscv__core.a(smp.c.obj)
                0x0000001000009c70                riscv_cpu_wake_flag

datas           0x0000001000009c78       0x50
                0x0000001000009c78                . = ALIGN (0x4)
                0x0000001000009c78                __data_region_start = .
                0x0000001000009c78                __data_start = .
 *(SORT_BY_ALIGNMENT(.data))
 *(SORT_BY_ALIGNMENT(.data.*))
 .data.__stdout
                0x0000001000009c78       0x20 zephyr/lib/libc/picolibc/liblib__libc__picolibc.a(libc-hooks.c.obj)
 .data.uart_ns16550_dev_data_0
                0x0000001000009c98       0x18 zephyr/drivers/serial/libdrivers__serial.a(uart_ns16550.c.obj)
 .data.timeout_list
                0x0000001000009cb0       0x10 zephyr/kernel/libkernel.a(timeout.c.obj)
                0x0000001000009cc0                . = ALIGN (0x8)
                0x000000100000a4c0                PROVIDE (__global_pointer$ = (. + 0x800))
 *(SORT_BY_ALIGNMENT(.sdata) SORT_BY_ALIGNMENT(.sdata.*) SORT_BY_ALIGNMENT(.gnu.linkonce.s.*))
 .sdata._char_out
                0x0000001000009cc0        0x8 zephyr/libzephyr.a(printk.c.obj)
                0x0000001000009cc8                __data_end = .
                0x0000000000000050                __data_size = (__data_end - __data_start)
                0x0000001000009c78                __data_load_start = LOADADDR (datas)
                0x0000001000009c78                __data_region_load_start = LOADADDR (datas)

device_states   0x0000001000009cc8        0x4
                0x0000001000009cc8                __device_states_start = .
 *(SORT_BY_ALIGNMENT(.z_devstate))
 .z_devstate    0x0000001000009cc8        0x2 zephyr/drivers/interrupt_controller/libdrivers__interrupt_controller.a(intc_plic.c.obj)
 .z_devstate    0x0000001000009cca        0x2 zephyr/drivers/serial/libdrivers__serial.a(uart_ns16550.c.obj)
 *(SORT_BY_ALIGNMENT(.z_devstate.*))
                0x0000001000009ccc                __device_states_end = .

log_mpsc_pbuf_area
                0x0000001000009ccc        0x0
                0x0000001000009ccc                _log_mpsc_pbuf_list_start = .
 *(SORT_BY_NAME(SORT_BY_ALIGNMENT(._log_mpsc_pbuf.static.*)))
                0x0000001000009ccc                _log_mpsc_pbuf_list_end = .

log_msg_ptr_area
                0x0000001000009ccc        0x0
                0x0000001000009ccc                _log_msg_ptr_list_start = .
 *(SORT_BY_NAME(SORT_BY_ALIGNMENT(._log_msg_ptr.static.*)))
                0x0000001000009ccc                _log_msg_ptr_list_end = .

log_dynamic_area
                0x0000001000009ccc        0x0
                0x0000001000009ccc                _log_dynamic_list_start = .
 *(SORT_BY_NAME(SORT_BY_ALIGNMENT(._log_dynamic.static.*)))
                0x0000001000009ccc                _log_dynamic_list_end = .

k_timer_area    0x0000001000009ccc        0x0
                0x0000001000009ccc                _k_timer_list_start = .
 *(SORT_BY_NAME(SORT_BY_ALIGNMENT(._k_timer.static.*)))
                0x0000001000009ccc                _k_timer_list_end = .

k_mem_slab_area
                0x0000001000009ccc        0x0
                0x0000001000009ccc                _k_mem_slab_list_start = .
 *(SORT_BY_NAME(SORT_BY_ALIGNMENT(._k_mem_slab.static.*)))
                0x0000001000009ccc                _k_mem_slab_list_end = .

k_heap_area     0x0000001000009ccc        0x0
                0x0000001000009ccc                _k_heap_list_start = .
 *(SORT_BY_NAME(SORT_BY_ALIGNMENT(._k_heap.static.*)))
                0x0000001000009ccc                _k_heap_list_end = .

k_mutex_area    0x0000001000009cd0       0x20
                0x0000001000009cd0                _k_mutex_list_start = .
 *(SORT_BY_NAME(SORT_BY_ALIGNMENT(._k_mutex.static.*)))
 ._k_mutex.static.print_mutex_
                0x0000001000009cd0       0x20 app/libapp.a(main.c.obj)
                0x0000001000009cd0                print_mutex
                0x0000001000009cf0                _k_mutex_list_end = .

k_stack_area    0x0000001000009cf0        0x0
                0x0000001000009cf0                _k_stack_list_start = .
 *(SORT_BY_NAME(SORT_BY_ALIGNMENT(._k_stack.static.*)))
                0x0000001000009cf0                _k_stack_list_end = .

k_msgq_area     0x0000001000009cf0        0x0
                0x0000001000009cf0                _k_msgq_list_start = .
 *(SORT_BY_NAME(SORT_BY_ALIGNMENT(._k_msgq.static.*)))
                0x0000001000009cf0                _k_msgq_list_end = .

k_mbox_area     0x0000001000009cf0        0x0
                0x0000001000009cf0                _k_mbox_list_start = .
 *(SORT_BY_NAME(SORT_BY_ALIGNMENT(._k_mbox.static.*)))
                0x0000001000009cf0                _k_mbox_list_end = .

k_pipe_area     0x0000001000009cf0        0x0
                0x0000001000009cf0                _k_pipe_list_start = .
 *(SORT_BY_NAME(SORT_BY_ALIGNMENT(._k_pipe.static.*)))
                0x0000001000009cf0                _k_pipe_list_end = .

k_sem_area      0x0000001000009cf0        0x0
                0x0000001000009cf0                _k_sem_list_start = .
 *(SORT_BY_NAME(SORT_BY_ALIGNMENT(._k_sem.static.*)))
                0x0000001000009cf0                _k_sem_list_end = .

k_event_area    0x0000001000009cf0        0x0
                0x0000001000009cf0                _k_event_list_start = .
 *(SORT_BY_NAME(SORT_BY_ALIGNMENT(._k_event.static.*)))
                0x0000001000009cf0                _k_event_list_end = .

k_queue_area    0x0000001000009cf0        0x0
                0x0000001000009cf0                _k_queue_list_start = .
 *(SORT_BY_NAME(SORT_BY_ALIGNMENT(._k_queue.static.*)))
                0x0000001000009cf0                _k_queue_list_end = .

k_fifo_area     0x0000001000009cf0        0x0
                0x0000001000009cf0                _k_fifo_list_start = .
 *(SORT_BY_NAME(SORT_BY_ALIGNMENT(._k_fifo.static.*)))
                0x0000001000009cf0                _k_fifo_list_end = .

k_lifo_area     0x0000001000009cf0        0x0
                0x0000001000009cf0                _k_lifo_list_start = .
 *(SORT_BY_NAME(SORT_BY_ALIGNMENT(._k_lifo.static.*)))
                0x0000001000009cf0                _k_lifo_list_end = .

k_condvar_area  0x0000001000009cf0        0x0
                0x0000001000009cf0                _k_condvar_list_start = .
 *(SORT_BY_NAME(SORT_BY_ALIGNMENT(._k_condvar.static.*)))
                0x0000001000009cf0                _k_condvar_list_end = .

sys_mem_blocks_ptr_area
                0x0000001000009cf0        0x0
                0x0000001000009cf0                _sys_mem_blocks_ptr_list_start = .
 *(SORT_BY_NAME(SORT_BY_ALIGNMENT(._sys_mem_blocks_ptr.static.*)))
                0x0000001000009cf0                _sys_mem_blocks_ptr_list_end = .

net_buf_pool_area
                0x0000001000009cf0        0x0
                0x0000001000009cf0                _net_buf_pool_list_start = .
 *(SORT_BY_NAME(SORT_BY_ALIGNMENT(._net_buf_pool.static.*)))
                0x0000001000009cf0                _net_buf_pool_list_end = .
                0x0000001000009cf0                __data_region_end = .
                0x0000001000009cf0                __kernel_ram_end = .
                0x0000000000005150                __kernel_ram_size = (__kernel_ram_end - __kernel_ram_start)

/DISCARD/
 *(SORT_BY_ALIGNMENT(.irq_info*))
 *(SORT_BY_ALIGNMENT(.intList*))

.last_ram_section
                0x0000001000009cf0        0x0
                0x0000001000009cf0                _image_ram_end = .
                0x0000000000009cf0                _image_ram_size = (_image_ram_end - _image_ram_start)
                0x0000001000009cf0                _end = .
                0x0000001000009cf0                z_mapped_end = .

.stab
 *(SORT_BY_ALIGNMENT(.stab))

.stabstr
 *(SORT_BY_ALIGNMENT(.stabstr))

.stab.excl
 *(SORT_BY_ALIGNMENT(.stab.excl))

.stab.exclstr
 *(SORT_BY_ALIGNMENT(.stab.exclstr))

.stab.index
 *(SORT_BY_ALIGNMENT(.stab.index))

.stab.indexstr
 *(SORT_BY_ALIGNMENT(.stab.indexstr))

.gnu.build.attributes
 *(SORT_BY_ALIGNMENT(.gnu.build.attributes) SORT_BY_ALIGNMENT(.gnu.build.attributes.*))

.comment        0x0000000000000000       0x20
 *(SORT_BY_ALIGNMENT(.comment))
 .comment       0x0000000000000000       0x20 zephyr/CMakeFiles/zephyr_final.dir/isr_tables.c.obj
                                         0x21 (size before relaxing)
 .comment       0x0000000000000020       0x21 zephyr/CMakeFiles/offsets.dir/./arch/riscv/core/offsets/offsets.c.obj
 .comment       0x0000000000000020       0x21 app/libapp.a(main.c.obj)
 .comment       0x0000000000000020       0x21 zephyr/libzephyr.a(heap.c.obj)
 .comment       0x0000000000000020       0x21 zephyr/libzephyr.a(printk.c.obj)
 .comment       0x0000000000000020       0x21 zephyr/libzephyr.a(thread_entry.c.obj)
 .comment       0x0000000000000020       0x21 zephyr/libzephyr.a(configs.c.obj)
 .comment       0x0000000000000020       0x21 zephyr/libzephyr.a(soc_common_irq.c.obj)
 .comment       0x0000000000000020       0x21 zephyr/libzephyr.a(tracing_none.c.obj)
 .comment       0x0000000000000020       0x21 zephyr/arch/arch/riscv/core/libarch__riscv__core.a(cpu_idle.c.obj)
 .comment       0x0000000000000020       0x21 zephyr/arch/arch/riscv/core/libarch__riscv__core.a(fatal.c.obj)
 .comment       0x0000000000000020       0x21 zephyr/arch/arch/riscv/core/libarch__riscv__core.a(irq_manage.c.obj)
 .comment       0x0000000000000020       0x21 zephyr/arch/arch/riscv/core/libarch__riscv__core.a(prep_c.c.obj)
 .comment       0x0000000000000020       0x21 zephyr/arch/arch/riscv/core/libarch__riscv__core.a(thread.c.obj)
 .comment       0x0000000000000020       0x21 zephyr/arch/arch/riscv/core/libarch__riscv__core.a(smp.c.obj)
 .comment       0x0000000000000020       0x21 zephyr/arch/arch/riscv/core/libarch__riscv__core.a(tls.c.obj)
 .comment       0x0000000000000020       0x21 zephyr/arch/arch/riscv/core/libarch__riscv__core.a(stacktrace.c.obj)
 .comment       0x0000000000000020       0x21 zephyr/lib/libc/picolibc/liblib__libc__picolibc.a(libc-hooks.c.obj)
 .comment       0x0000000000000020       0x21 zephyr/lib/libc/common/liblib__libc__common.a(malloc.c.obj)
 .comment       0x0000000000000020       0x21 zephyr/drivers/interrupt_controller/libdrivers__interrupt_controller.a(intc_plic.c.obj)
 .comment       0x0000000000000020       0x21 zephyr/drivers/console/libdrivers__console.a(uart_console.c.obj)
 .comment       0x0000000000000020       0x21 zephyr/drivers/serial/libdrivers__serial.a(uart_ns16550.c.obj)
 .comment       0x0000000000000020       0x21 zephyr/drivers/timer/libdrivers__timer.a(riscv_machine_timer.c.obj)
 .comment       0x0000000000000020       0x21 zephyr/kernel/libkernel.a(device.c.obj)
 .comment       0x0000000000000020       0x21 zephyr/kernel/libkernel.a(fatal.c.obj)
 .comment       0x0000000000000020       0x21 zephyr/kernel/libkernel.a(init.c.obj)
 .comment       0x0000000000000020       0x21 zephyr/kernel/libkernel.a(init_static.c.obj)
 .comment       0x0000000000000020       0x21 zephyr/kernel/libkernel.a(cpu_mask.c.obj)
 .comment       0x0000000000000020       0x21 zephyr/kernel/libkernel.a(idle.c.obj)
 .comment       0x0000000000000020       0x21 zephyr/kernel/libkernel.a(mutex.c.obj)
 .comment       0x0000000000000020       0x21 zephyr/kernel/libkernel.a(thread.c.obj)
 .comment       0x0000000000000020       0x21 zephyr/kernel/libkernel.a(sched.c.obj)
 .comment       0x0000000000000020       0x21 zephyr/kernel/libkernel.a(smp.c.obj)
 .comment       0x0000000000000020       0x21 zephyr/kernel/libkernel.a(ipi.c.obj)
 .comment       0x0000000000000020       0x21 zephyr/kernel/libkernel.a(timeslicing.c.obj)
 .comment       0x0000000000000020       0x21 zephyr/kernel/libkernel.a(timeout.c.obj)
 .comment       0x0000000000000020       0x21 zephyr/kernel/libkernel.a(banner.c.obj)

.debug
 *(SORT_BY_ALIGNMENT(.debug))

.line
 *(SORT_BY_ALIGNMENT(.line))

.debug_srcinfo
 *(SORT_BY_ALIGNMENT(.debug_srcinfo))

.debug_sfnames
 *(SORT_BY_ALIGNMENT(.debug_sfnames))

.debug_aranges  0x0000000000000000     0x1600
 *(SORT_BY_ALIGNMENT(.debug_aranges))
 .debug_aranges
                0x0000000000000000       0x30 zephyr/libzephyr.a(soc_irq.S.obj)
 .debug_aranges
                0x0000000000000030       0x30 zephyr/libzephyr.a(vector.S.obj)
 .debug_aranges
                0x0000000000000060       0x40 zephyr/arch/arch/riscv/core/libarch__riscv__core.a(reset.S.obj)
 .debug_aranges
                0x00000000000000a0       0x30 zephyr/arch/arch/riscv/core/libarch__riscv__core.a(switch.S.obj)
 .debug_aranges
                0x00000000000000d0       0x30 zephyr/arch/arch/riscv/core/libarch__riscv__core.a(isr.S.obj)
 .debug_aranges
                0x0000000000000100       0x20 zephyr/CMakeFiles/zephyr_final.dir/isr_tables.c.obj
 .debug_aranges
                0x0000000000000120       0x30 zephyr/CMakeFiles/offsets.dir/./arch/riscv/core/offsets/offsets.c.obj
 .debug_aranges
                0x0000000000000150       0x80 app/libapp.a(main.c.obj)
 .debug_aranges
                0x00000000000001d0      0x100 zephyr/libzephyr.a(heap.c.obj)
 .debug_aranges
                0x00000000000002d0       0x90 zephyr/libzephyr.a(printk.c.obj)
 .debug_aranges
                0x0000000000000360       0x30 zephyr/libzephyr.a(thread_entry.c.obj)
 .debug_aranges
                0x0000000000000390       0x30 zephyr/libzephyr.a(configs.c.obj)
 .debug_aranges
                0x00000000000003c0       0x70 zephyr/libzephyr.a(soc_common_irq.c.obj)
 .debug_aranges
                0x0000000000000430       0x60 zephyr/libzephyr.a(tracing_none.c.obj)
 .debug_aranges
                0x0000000000000490       0x40 zephyr/arch/arch/riscv/core/libarch__riscv__core.a(cpu_idle.c.obj)
 .debug_aranges
                0x00000000000004d0       0x70 zephyr/arch/arch/riscv/core/libarch__riscv__core.a(fatal.c.obj)
 .debug_aranges
                0x0000000000000540       0x30 zephyr/arch/arch/riscv/core/libarch__riscv__core.a(irq_manage.c.obj)
 .debug_aranges
                0x0000000000000570       0x30 zephyr/arch/arch/riscv/core/libarch__riscv__core.a(prep_c.c.obj)
 .debug_aranges
                0x00000000000005a0       0x30 zephyr/arch/arch/riscv/core/libarch__riscv__core.a(thread.c.obj)
 .debug_aranges
                0x00000000000005d0       0x80 zephyr/arch/arch/riscv/core/libarch__riscv__core.a(smp.c.obj)
 .debug_aranges
                0x0000000000000650       0x30 zephyr/arch/arch/riscv/core/libarch__riscv__core.a(tls.c.obj)
 .debug_aranges
                0x0000000000000680       0x80 zephyr/arch/arch/riscv/core/libarch__riscv__core.a(stacktrace.c.obj)
 .debug_aranges
                0x0000000000000700      0x150 zephyr/lib/libc/picolibc/liblib__libc__picolibc.a(libc-hooks.c.obj)
 .debug_aranges
                0x0000000000000850       0xb0 zephyr/lib/libc/common/liblib__libc__common.a(malloc.c.obj)
 .debug_aranges
                0x0000000000000900       0xd0 zephyr/drivers/interrupt_controller/libdrivers__interrupt_controller.a(intc_plic.c.obj)
 .debug_aranges
                0x00000000000009d0       0x50 zephyr/drivers/console/libdrivers__console.a(uart_console.c.obj)
 .debug_aranges
                0x0000000000000a20       0x90 zephyr/drivers/serial/libdrivers__serial.a(uart_ns16550.c.obj)
 .debug_aranges
                0x0000000000000ab0       0xa0 zephyr/drivers/timer/libdrivers__timer.a(riscv_machine_timer.c.obj)
 .debug_aranges
                0x0000000000000b50       0x60 zephyr/kernel/libkernel.a(device.c.obj)
 .debug_aranges
                0x0000000000000bb0       0x60 zephyr/kernel/libkernel.a(fatal.c.obj)
 .debug_aranges
                0x0000000000000c10       0xc0 zephyr/kernel/libkernel.a(init.c.obj)
 .debug_aranges
                0x0000000000000cd0       0x30 zephyr/kernel/libkernel.a(init_static.c.obj)
 .debug_aranges
                0x0000000000000d00       0x80 zephyr/kernel/libkernel.a(cpu_mask.c.obj)
 .debug_aranges
                0x0000000000000d80       0x40 zephyr/kernel/libkernel.a(idle.c.obj)
 .debug_aranges
                0x0000000000000dc0       0x70 zephyr/kernel/libkernel.a(mutex.c.obj)
 .debug_aranges
                0x0000000000000e30      0x130 zephyr/kernel/libkernel.a(thread.c.obj)
 .debug_aranges
                0x0000000000000f60      0x3a0 zephyr/kernel/libkernel.a(sched.c.obj)
 .debug_aranges
                0x0000000000001300       0xe0 zephyr/kernel/libkernel.a(smp.c.obj)
 .debug_aranges
                0x00000000000013e0       0x60 zephyr/kernel/libkernel.a(ipi.c.obj)
 .debug_aranges
                0x0000000000001440       0x70 zephyr/kernel/libkernel.a(timeslicing.c.obj)
 .debug_aranges
                0x00000000000014b0      0x120 zephyr/kernel/libkernel.a(timeout.c.obj)
 .debug_aranges
                0x00000000000015d0       0x30 zephyr/kernel/libkernel.a(banner.c.obj)

.debug_pubnames
 *(SORT_BY_ALIGNMENT(.debug_pubnames))

.debug_info     0x0000000000000000    0x237c7
 *(SORT_BY_ALIGNMENT(.debug_info) SORT_BY_ALIGNMENT(.gnu.linkonce.wi.*))
 .debug_info    0x0000000000000000      0x110 zephyr/CMakeFiles/zephyr_final.dir/isr_tables.c.obj
 .debug_info    0x0000000000000110       0xe8 zephyr/CMakeFiles/offsets.dir/./arch/riscv/core/offsets/offsets.c.obj
 .debug_info    0x00000000000001f8     0x1393 app/libapp.a(main.c.obj)
 .debug_info    0x000000000000158b     0x2b6e zephyr/libzephyr.a(heap.c.obj)
 .debug_info    0x00000000000040f9      0x971 zephyr/libzephyr.a(printk.c.obj)
 .debug_info    0x0000000000004a6a      0x7c0 zephyr/libzephyr.a(thread_entry.c.obj)
 .debug_info    0x000000000000522a       0x44 zephyr/libzephyr.a(configs.c.obj)
 .debug_info    0x000000000000526e       0x27 zephyr/libzephyr.a(soc_irq.S.obj)
 .debug_info    0x0000000000005295      0x594 zephyr/libzephyr.a(soc_common_irq.c.obj)
 .debug_info    0x0000000000005829       0x27 zephyr/libzephyr.a(vector.S.obj)
 .debug_info    0x0000000000005850       0x62 zephyr/libzephyr.a(tracing_none.c.obj)
 .debug_info    0x00000000000058b2      0x12e zephyr/arch/arch/riscv/core/libarch__riscv__core.a(cpu_idle.c.obj)
 .debug_info    0x00000000000059e0      0xac0 zephyr/arch/arch/riscv/core/libarch__riscv__core.a(fatal.c.obj)
 .debug_info    0x00000000000064a0      0x4ac zephyr/arch/arch/riscv/core/libarch__riscv__core.a(irq_manage.c.obj)
 .debug_info    0x000000000000694c       0xec zephyr/arch/arch/riscv/core/libarch__riscv__core.a(prep_c.c.obj)
 .debug_info    0x0000000000006a38       0x22 zephyr/arch/arch/riscv/core/libarch__riscv__core.a(reset.S.obj)
 .debug_info    0x0000000000006a5a       0x27 zephyr/arch/arch/riscv/core/libarch__riscv__core.a(switch.S.obj)
 .debug_info    0x0000000000006a81      0x7f3 zephyr/arch/arch/riscv/core/libarch__riscv__core.a(thread.c.obj)
 .debug_info    0x0000000000007274      0xe1f zephyr/arch/arch/riscv/core/libarch__riscv__core.a(smp.c.obj)
 .debug_info    0x0000000000008093       0x28 zephyr/arch/arch/riscv/core/libarch__riscv__core.a(isr.S.obj)
 .debug_info    0x00000000000080bb      0x70c zephyr/arch/arch/riscv/core/libarch__riscv__core.a(tls.c.obj)
 .debug_info    0x00000000000087c7     0x114c zephyr/arch/arch/riscv/core/libarch__riscv__core.a(stacktrace.c.obj)
 .debug_info    0x0000000000009913     0x103a zephyr/lib/libc/picolibc/liblib__libc__picolibc.a(libc-hooks.c.obj)
 .debug_info    0x000000000000a94d      0xf44 zephyr/lib/libc/common/liblib__libc__common.a(malloc.c.obj)
 .debug_info    0x000000000000b891     0x1954 zephyr/drivers/interrupt_controller/libdrivers__interrupt_controller.a(intc_plic.c.obj)
 .debug_info    0x000000000000d1e5      0x86a zephyr/drivers/console/libdrivers__console.a(uart_console.c.obj)
 .debug_info    0x000000000000da4f     0x1c8b zephyr/drivers/serial/libdrivers__serial.a(uart_ns16550.c.obj)
 .debug_info    0x000000000000f6da      0xc7c zephyr/drivers/timer/libdrivers__timer.a(riscv_machine_timer.c.obj)
 .debug_info    0x0000000000010356      0x35b zephyr/kernel/libkernel.a(device.c.obj)
 .debug_info    0x00000000000106b1      0xab2 zephyr/kernel/libkernel.a(fatal.c.obj)
 .debug_info    0x0000000000011163     0x1fd5 zephyr/kernel/libkernel.a(init.c.obj)
 .debug_info    0x0000000000013138       0x44 zephyr/kernel/libkernel.a(init_static.c.obj)
 .debug_info    0x000000000001317c      0xb28 zephyr/kernel/libkernel.a(cpu_mask.c.obj)
 .debug_info    0x0000000000013ca4      0x268 zephyr/kernel/libkernel.a(idle.c.obj)
 .debug_info    0x0000000000013f0c     0x1521 zephyr/kernel/libkernel.a(mutex.c.obj)
 .debug_info    0x000000000001542d     0x1934 zephyr/kernel/libkernel.a(thread.c.obj)
 .debug_info    0x0000000000016d61     0x7aa6 zephyr/kernel/libkernel.a(sched.c.obj)
 .debug_info    0x000000000001e807     0x19c0 zephyr/kernel/libkernel.a(smp.c.obj)
 .debug_info    0x00000000000201c7      0x95d zephyr/kernel/libkernel.a(ipi.c.obj)
 .debug_info    0x0000000000020b24     0x1105 zephyr/kernel/libkernel.a(timeslicing.c.obj)
 .debug_info    0x0000000000021c29     0x1ac5 zephyr/kernel/libkernel.a(timeout.c.obj)
 .debug_info    0x00000000000236ee       0xd9 zephyr/kernel/libkernel.a(banner.c.obj)

.debug_abbrev   0x0000000000000000     0x7345
 *(SORT_BY_ALIGNMENT(.debug_abbrev))
 .debug_abbrev  0x0000000000000000       0xc3 zephyr/CMakeFiles/zephyr_final.dir/isr_tables.c.obj
 .debug_abbrev  0x00000000000000c3       0x62 zephyr/CMakeFiles/offsets.dir/./arch/riscv/core/offsets/offsets.c.obj
 .debug_abbrev  0x0000000000000125      0x3af app/libapp.a(main.c.obj)
 .debug_abbrev  0x00000000000004d4      0x448 zephyr/libzephyr.a(heap.c.obj)
 .debug_abbrev  0x000000000000091c      0x35b zephyr/libzephyr.a(printk.c.obj)
 .debug_abbrev  0x0000000000000c77      0x2c7 zephyr/libzephyr.a(thread_entry.c.obj)
 .debug_abbrev  0x0000000000000f3e       0x2e zephyr/libzephyr.a(configs.c.obj)
 .debug_abbrev  0x0000000000000f6c       0x14 zephyr/libzephyr.a(soc_irq.S.obj)
 .debug_abbrev  0x0000000000000f80      0x233 zephyr/libzephyr.a(soc_common_irq.c.obj)
 .debug_abbrev  0x00000000000011b3       0x14 zephyr/libzephyr.a(vector.S.obj)
 .debug_abbrev  0x00000000000011c7       0x48 zephyr/libzephyr.a(tracing_none.c.obj)
 .debug_abbrev  0x000000000000120f       0xc5 zephyr/arch/arch/riscv/core/libarch__riscv__core.a(cpu_idle.c.obj)
 .debug_abbrev  0x00000000000012d4      0x20b zephyr/arch/arch/riscv/core/libarch__riscv__core.a(fatal.c.obj)
 .debug_abbrev  0x00000000000014df      0x1d4 zephyr/arch/arch/riscv/core/libarch__riscv__core.a(irq_manage.c.obj)
 .debug_abbrev  0x00000000000016b3       0x8b zephyr/arch/arch/riscv/core/libarch__riscv__core.a(prep_c.c.obj)
 .debug_abbrev  0x000000000000173e       0x12 zephyr/arch/arch/riscv/core/libarch__riscv__core.a(reset.S.obj)
 .debug_abbrev  0x0000000000001750       0x14 zephyr/arch/arch/riscv/core/libarch__riscv__core.a(switch.S.obj)
 .debug_abbrev  0x0000000000001764      0x263 zephyr/arch/arch/riscv/core/libarch__riscv__core.a(thread.c.obj)
 .debug_abbrev  0x00000000000019c7      0x45d zephyr/arch/arch/riscv/core/libarch__riscv__core.a(smp.c.obj)
 .debug_abbrev  0x0000000000001e24       0x14 zephyr/arch/arch/riscv/core/libarch__riscv__core.a(isr.S.obj)
 .debug_abbrev  0x0000000000001e38      0x282 zephyr/arch/arch/riscv/core/libarch__riscv__core.a(tls.c.obj)
 .debug_abbrev  0x00000000000020ba      0x51b zephyr/arch/arch/riscv/core/libarch__riscv__core.a(stacktrace.c.obj)
 .debug_abbrev  0x00000000000025d5      0x4e3 zephyr/lib/libc/picolibc/liblib__libc__picolibc.a(libc-hooks.c.obj)
 .debug_abbrev  0x0000000000002ab8      0x489 zephyr/lib/libc/common/liblib__libc__common.a(malloc.c.obj)
 .debug_abbrev  0x0000000000002f41      0x592 zephyr/drivers/interrupt_controller/libdrivers__interrupt_controller.a(intc_plic.c.obj)
 .debug_abbrev  0x00000000000034d3      0x372 zephyr/drivers/console/libdrivers__console.a(uart_console.c.obj)
 .debug_abbrev  0x0000000000003845      0x424 zephyr/drivers/serial/libdrivers__serial.a(uart_ns16550.c.obj)
 .debug_abbrev  0x0000000000003c69      0x415 zephyr/drivers/timer/libdrivers__timer.a(riscv_machine_timer.c.obj)
 .debug_abbrev  0x000000000000407e      0x1b3 zephyr/kernel/libkernel.a(device.c.obj)
 .debug_abbrev  0x0000000000004231      0x3a6 zephyr/kernel/libkernel.a(fatal.c.obj)
 .debug_abbrev  0x00000000000045d7      0x705 zephyr/kernel/libkernel.a(init.c.obj)
 .debug_abbrev  0x0000000000004cdc       0x2e zephyr/kernel/libkernel.a(init_static.c.obj)
 .debug_abbrev  0x0000000000004d0a      0x352 zephyr/kernel/libkernel.a(cpu_mask.c.obj)
 .debug_abbrev  0x000000000000505c      0x14b zephyr/kernel/libkernel.a(idle.c.obj)
 .debug_abbrev  0x00000000000051a7      0x456 zephyr/kernel/libkernel.a(mutex.c.obj)
 .debug_abbrev  0x00000000000055fd      0x558 zephyr/kernel/libkernel.a(thread.c.obj)
 .debug_abbrev  0x0000000000005b55      0x6ef zephyr/kernel/libkernel.a(sched.c.obj)
 .debug_abbrev  0x0000000000006244      0x4f9 zephyr/kernel/libkernel.a(smp.c.obj)
 .debug_abbrev  0x000000000000673d      0x309 zephyr/kernel/libkernel.a(ipi.c.obj)
 .debug_abbrev  0x0000000000006a46      0x3fb zephyr/kernel/libkernel.a(timeslicing.c.obj)
 .debug_abbrev  0x0000000000006e41      0x475 zephyr/kernel/libkernel.a(timeout.c.obj)
 .debug_abbrev  0x00000000000072b6       0x8f zephyr/kernel/libkernel.a(banner.c.obj)

.debug_line     0x0000000000000000    0x1976b
 *(SORT_BY_ALIGNMENT(.debug_line) SORT_BY_ALIGNMENT(.debug_line.*) SORT_BY_ALIGNMENT(.debug_line_end))
 .debug_line    0x0000000000000000       0xd9 zephyr/CMakeFiles/zephyr_final.dir/isr_tables.c.obj
 .debug_line    0x00000000000000d9      0x23d zephyr/CMakeFiles/offsets.dir/./arch/riscv/core/offsets/offsets.c.obj
 .debug_line    0x0000000000000316      0x96b app/libapp.a(main.c.obj)
 .debug_line    0x0000000000000c81     0x1e41 zephyr/libzephyr.a(heap.c.obj)
 .debug_line    0x0000000000002ac2      0x73e zephyr/libzephyr.a(printk.c.obj)
 .debug_line    0x0000000000003200      0x417 zephyr/libzephyr.a(thread_entry.c.obj)
 .debug_line    0x0000000000003617      0x71d zephyr/libzephyr.a(configs.c.obj)
 .debug_line    0x0000000000003d34       0x8d zephyr/libzephyr.a(soc_irq.S.obj)
 .debug_line    0x0000000000003dc1      0x517 zephyr/libzephyr.a(soc_common_irq.c.obj)
 .debug_line    0x00000000000042d8       0x8d zephyr/libzephyr.a(vector.S.obj)
 .debug_line    0x0000000000004365       0xbd zephyr/libzephyr.a(tracing_none.c.obj)
 .debug_line    0x0000000000004422      0x188 zephyr/arch/arch/riscv/core/libarch__riscv__core.a(cpu_idle.c.obj)
 .debug_line    0x00000000000045aa      0x420 zephyr/arch/arch/riscv/core/libarch__riscv__core.a(fatal.c.obj)
 .debug_line    0x00000000000049ca      0x36f zephyr/arch/arch/riscv/core/libarch__riscv__core.a(irq_manage.c.obj)
 .debug_line    0x0000000000004d39       0xe0 zephyr/arch/arch/riscv/core/libarch__riscv__core.a(prep_c.c.obj)
 .debug_line    0x0000000000004e19      0x135 zephyr/arch/arch/riscv/core/libarch__riscv__core.a(reset.S.obj)
 .debug_line    0x0000000000004f4e       0x92 zephyr/arch/arch/riscv/core/libarch__riscv__core.a(switch.S.obj)
 .debug_line    0x0000000000004fe0      0x46a zephyr/arch/arch/riscv/core/libarch__riscv__core.a(thread.c.obj)
 .debug_line    0x000000000000544a      0x857 zephyr/arch/arch/riscv/core/libarch__riscv__core.a(smp.c.obj)
 .debug_line    0x0000000000005ca1      0x224 zephyr/arch/arch/riscv/core/libarch__riscv__core.a(isr.S.obj)
 .debug_line    0x0000000000005ec5      0x48d zephyr/arch/arch/riscv/core/libarch__riscv__core.a(tls.c.obj)
 .debug_line    0x0000000000006352      0xa6a zephyr/arch/arch/riscv/core/libarch__riscv__core.a(stacktrace.c.obj)
 .debug_line    0x0000000000006dbc      0x967 zephyr/lib/libc/picolibc/liblib__libc__picolibc.a(libc-hooks.c.obj)
 .debug_line    0x0000000000007723      0x8a2 zephyr/lib/libc/common/liblib__libc__common.a(malloc.c.obj)
 .debug_line    0x0000000000007fc5      0xe0c zephyr/drivers/interrupt_controller/libdrivers__interrupt_controller.a(intc_plic.c.obj)
 .debug_line    0x0000000000008dd1      0x4a4 zephyr/drivers/console/libdrivers__console.a(uart_console.c.obj)
 .debug_line    0x0000000000009275     0x1360 zephyr/drivers/serial/libdrivers__serial.a(uart_ns16550.c.obj)
 .debug_line    0x000000000000a5d5      0x9eb zephyr/drivers/timer/libdrivers__timer.a(riscv_machine_timer.c.obj)
 .debug_line    0x000000000000afc0      0x4c5 zephyr/kernel/libkernel.a(device.c.obj)
 .debug_line    0x000000000000b485      0x5f3 zephyr/kernel/libkernel.a(fatal.c.obj)
 .debug_line    0x000000000000ba78     0x1378 zephyr/kernel/libkernel.a(init.c.obj)
 .debug_line    0x000000000000cdf0       0x72 zephyr/kernel/libkernel.a(init_static.c.obj)
 .debug_line    0x000000000000ce62      0x631 zephyr/kernel/libkernel.a(cpu_mask.c.obj)
 .debug_line    0x000000000000d493      0x2d5 zephyr/kernel/libkernel.a(idle.c.obj)
 .debug_line    0x000000000000d768      0xe18 zephyr/kernel/libkernel.a(mutex.c.obj)
 .debug_line    0x000000000000e580     0x11f5 zephyr/kernel/libkernel.a(thread.c.obj)
 .debug_line    0x000000000000f775     0x65c5 zephyr/kernel/libkernel.a(sched.c.obj)
 .debug_line    0x0000000000015d3a     0x11f4 zephyr/kernel/libkernel.a(smp.c.obj)
 .debug_line    0x0000000000016f2e      0x53c zephyr/kernel/libkernel.a(ipi.c.obj)
 .debug_line    0x000000000001746a      0xa5b zephyr/kernel/libkernel.a(timeslicing.c.obj)
 .debug_line    0x0000000000017ec5     0x17f8 zephyr/kernel/libkernel.a(timeout.c.obj)
 .debug_line    0x00000000000196bd       0xae zephyr/kernel/libkernel.a(banner.c.obj)

.debug_frame    0x0000000000000000     0x2cb8
 *(SORT_BY_ALIGNMENT(.debug_frame))
 .debug_frame   0x0000000000000000       0x28 zephyr/CMakeFiles/offsets.dir/./arch/riscv/core/offsets/offsets.c.obj
 .debug_frame   0x0000000000000028       0xe0 app/libapp.a(main.c.obj)
 .debug_frame   0x0000000000000108      0x320 zephyr/libzephyr.a(heap.c.obj)
 .debug_frame   0x0000000000000428      0x110 zephyr/libzephyr.a(printk.c.obj)
 .debug_frame   0x0000000000000538       0x38 zephyr/libzephyr.a(thread_entry.c.obj)
 .debug_frame   0x0000000000000570       0x28 zephyr/libzephyr.a(configs.c.obj)
 .debug_frame   0x0000000000000598       0x88 zephyr/libzephyr.a(soc_common_irq.c.obj)
 .debug_frame   0x0000000000000620       0x70 zephyr/libzephyr.a(tracing_none.c.obj)
 .debug_frame   0x0000000000000690       0x60 zephyr/arch/arch/riscv/core/libarch__riscv__core.a(cpu_idle.c.obj)
 .debug_frame   0x00000000000006f0       0xa8 zephyr/arch/arch/riscv/core/libarch__riscv__core.a(fatal.c.obj)
 .debug_frame   0x0000000000000798       0x30 zephyr/arch/arch/riscv/core/libarch__riscv__core.a(irq_manage.c.obj)
 .debug_frame   0x00000000000007c8       0x30 zephyr/arch/arch/riscv/core/libarch__riscv__core.a(prep_c.c.obj)
 .debug_frame   0x00000000000007f8       0x28 zephyr/arch/arch/riscv/core/libarch__riscv__core.a(thread.c.obj)
 .debug_frame   0x0000000000000820       0xc0 zephyr/arch/arch/riscv/core/libarch__riscv__core.a(smp.c.obj)
 .debug_frame   0x00000000000008e0       0x50 zephyr/arch/arch/riscv/core/libarch__riscv__core.a(tls.c.obj)
 .debug_frame   0x0000000000000930      0x100 zephyr/arch/arch/riscv/core/libarch__riscv__core.a(stacktrace.c.obj)
 .debug_frame   0x0000000000000a30      0x248 zephyr/lib/libc/picolibc/liblib__libc__picolibc.a(libc-hooks.c.obj)
 .debug_frame   0x0000000000000c78      0x160 zephyr/lib/libc/common/liblib__libc__common.a(malloc.c.obj)
 .debug_frame   0x0000000000000dd8      0x200 zephyr/drivers/interrupt_controller/libdrivers__interrupt_controller.a(intc_plic.c.obj)
 .debug_frame   0x0000000000000fd8       0x80 zephyr/drivers/console/libdrivers__console.a(uart_console.c.obj)
 .debug_frame   0x0000000000001058      0x158 zephyr/drivers/serial/libdrivers__serial.a(uart_ns16550.c.obj)
 .debug_frame   0x00000000000011b0      0x140 zephyr/drivers/timer/libdrivers__timer.a(riscv_machine_timer.c.obj)
 .debug_frame   0x00000000000012f0       0x90 zephyr/kernel/libkernel.a(device.c.obj)
 .debug_frame   0x0000000000001380       0x98 zephyr/kernel/libkernel.a(fatal.c.obj)
 .debug_frame   0x0000000000001418      0x1b0 zephyr/kernel/libkernel.a(init.c.obj)
 .debug_frame   0x00000000000015c8       0x28 zephyr/kernel/libkernel.a(init_static.c.obj)
 .debug_frame   0x00000000000015f0       0xc8 zephyr/kernel/libkernel.a(cpu_mask.c.obj)
 .debug_frame   0x00000000000016b8       0x48 zephyr/kernel/libkernel.a(idle.c.obj)
 .debug_frame   0x0000000000001700       0xd0 zephyr/kernel/libkernel.a(mutex.c.obj)
 .debug_frame   0x00000000000017d0      0x230 zephyr/kernel/libkernel.a(thread.c.obj)
 .debug_frame   0x0000000000001a00      0xaf8 zephyr/kernel/libkernel.a(sched.c.obj)
 .debug_frame   0x00000000000024f8      0x220 zephyr/kernel/libkernel.a(smp.c.obj)
 .debug_frame   0x0000000000002718       0x88 zephyr/kernel/libkernel.a(ipi.c.obj)
 .debug_frame   0x00000000000027a0       0xf8 zephyr/kernel/libkernel.a(timeslicing.c.obj)
 .debug_frame   0x0000000000002898      0x2e8 zephyr/kernel/libkernel.a(timeout.c.obj)
 .debug_frame   0x0000000000002b80       0x28 zephyr/kernel/libkernel.a(banner.c.obj)
 .debug_frame   0x0000000000002ba8       0x28 /home/alex/bin/zephyr-sdk-0.16.8/riscv64-zephyr-elf/bin/../lib/gcc/../../picolibc/riscv64-zephyr-elf/lib/rv64imac_zicsr_zifencei/lp64/medany/libc.a(libc_string_strnlen.c.o)
 .debug_frame   0x0000000000002bd0       0x38 /home/alex/bin/zephyr-sdk-0.16.8/riscv64-zephyr-elf/bin/../lib/gcc/../../picolibc/riscv64-zephyr-elf/lib/rv64imac_zicsr_zifencei/lp64/medany/libc.a(libc_tinystdio_printf.c.o)
 .debug_frame   0x0000000000002c08       0x88 /home/alex/bin/zephyr-sdk-0.16.8/riscv64-zephyr-elf/bin/../lib/gcc/../../picolibc/riscv64-zephyr-elf/lib/rv64imac_zicsr_zifencei/lp64/medany/libc.a(libc_tinystdio_vflprintf.c.o)
 .debug_frame   0x0000000000002c90       0x28 /home/alex/bin/zephyr-sdk-0.16.8/riscv64-zephyr-elf/bin/../lib/gcc/riscv64-zephyr-elf/12.2.0/rv64imac_zicsr_zifencei/lp64/medany/libgcc.a(_clzsi2.o)

.debug_str      0x0000000000000000     0x45f6
 *(SORT_BY_ALIGNMENT(.debug_str))
 .debug_str     0x0000000000000000      0x24f zephyr/CMakeFiles/zephyr_final.dir/isr_tables.c.obj
                                        0x288 (size before relaxing)
 .debug_str     0x000000000000024f      0x2bb zephyr/CMakeFiles/offsets.dir/./arch/riscv/core/offsets/offsets.c.obj
                                        0x375 (size before relaxing)
 .debug_str     0x000000000000050a      0x5a5 app/libapp.a(main.c.obj)
                                        0x957 (size before relaxing)
 .debug_str     0x0000000000000aaf      0x3ce zephyr/libzephyr.a(heap.c.obj)
                                        0x70a (size before relaxing)
 .debug_str     0x0000000000000e7d      0x215 zephyr/libzephyr.a(printk.c.obj)
                                        0x676 (size before relaxing)
 .debug_str     0x0000000000001092       0x9b zephyr/libzephyr.a(thread_entry.c.obj)
                                        0x73c (size before relaxing)
 .debug_str     0x000000000000112d       0x4e zephyr/libzephyr.a(configs.c.obj)
                                        0x1da (size before relaxing)
 .debug_str     0x000000000000117b       0x52 zephyr/libzephyr.a(soc_irq.S.obj)
                                         0x71 (size before relaxing)
 .debug_str     0x00000000000011cd      0x14f zephyr/libzephyr.a(soc_common_irq.c.obj)
                                        0x3c7 (size before relaxing)
 .debug_str     0x000000000000131c       0x45 zephyr/libzephyr.a(vector.S.obj)
                                         0x70 (size before relaxing)
 .debug_str     0x0000000000001361       0x94 zephyr/libzephyr.a(tracing_none.c.obj)
                                        0x220 (size before relaxing)
 .debug_str     0x00000000000013f5       0x72 zephyr/arch/arch/riscv/core/libarch__riscv__core.a(cpu_idle.c.obj)
                                        0x2a8 (size before relaxing)
 .debug_str     0x0000000000001467      0x284 zephyr/arch/arch/riscv/core/libarch__riscv__core.a(fatal.c.obj)
                                        0x535 (size before relaxing)
 .debug_str     0x00000000000016eb       0xa5 zephyr/arch/arch/riscv/core/libarch__riscv__core.a(irq_manage.c.obj)
                                        0x4ee (size before relaxing)
 .debug_str     0x0000000000001790       0x62 zephyr/arch/arch/riscv/core/libarch__riscv__core.a(prep_c.c.obj)
                                        0x29c (size before relaxing)
 .debug_str     0x00000000000017f2       0x38 zephyr/arch/arch/riscv/core/libarch__riscv__core.a(reset.S.obj)
                                         0x63 (size before relaxing)
 .debug_str     0x000000000000182a       0x39 zephyr/arch/arch/riscv/core/libarch__riscv__core.a(switch.S.obj)
                                         0x64 (size before relaxing)
 .debug_str     0x0000000000001863       0x85 zephyr/arch/arch/riscv/core/libarch__riscv__core.a(thread.c.obj)
                                        0x5bb (size before relaxing)
 .debug_str     0x00000000000018e8      0x1a6 zephyr/arch/arch/riscv/core/libarch__riscv__core.a(smp.c.obj)
                                        0x98c (size before relaxing)
 .debug_str     0x0000000000001a8e       0x36 zephyr/arch/arch/riscv/core/libarch__riscv__core.a(isr.S.obj)
                                         0x61 (size before relaxing)
 .debug_str     0x0000000000001ac4       0x92 zephyr/arch/arch/riscv/core/libarch__riscv__core.a(tls.c.obj)
                                        0x597 (size before relaxing)
 .debug_str     0x0000000000001b56      0x18a zephyr/arch/arch/riscv/core/libarch__riscv__core.a(stacktrace.c.obj)
                                        0x8f5 (size before relaxing)
 .debug_str     0x0000000000001ce0      0x273 zephyr/lib/libc/picolibc/liblib__libc__picolibc.a(libc-hooks.c.obj)
                                        0xa8a (size before relaxing)
 .debug_str     0x0000000000001f53      0x2d9 zephyr/lib/libc/common/liblib__libc__common.a(malloc.c.obj)
                                        0x824 (size before relaxing)
 .debug_str     0x000000000000222c      0x340 zephyr/drivers/interrupt_controller/libdrivers__interrupt_controller.a(intc_plic.c.obj)
                                        0xc75 (size before relaxing)
 .debug_str     0x000000000000256c      0x19f zephyr/drivers/console/libdrivers__console.a(uart_console.c.obj)
                                        0x5dc (size before relaxing)
 .debug_str     0x000000000000270b      0x5cb zephyr/drivers/serial/libdrivers__serial.a(uart_ns16550.c.obj)
                                        0xb17 (size before relaxing)
 .debug_str     0x0000000000002cd6      0x155 zephyr/drivers/timer/libdrivers__timer.a(riscv_machine_timer.c.obj)
                                        0x5ed (size before relaxing)
 .debug_str     0x0000000000002e2b       0xb7 zephyr/kernel/libkernel.a(device.c.obj)
                                        0x364 (size before relaxing)
 .debug_str     0x0000000000002ee2       0x70 zephyr/kernel/libkernel.a(fatal.c.obj)
                                        0x70c (size before relaxing)
 .debug_str     0x0000000000002f52      0x651 zephyr/kernel/libkernel.a(init.c.obj)
                                        0xf96 (size before relaxing)
 .debug_str     0x00000000000035a3       0x35 zephyr/kernel/libkernel.a(init_static.c.obj)
                                        0x1cf (size before relaxing)
 .debug_str     0x00000000000035d8       0xc9 zephyr/kernel/libkernel.a(cpu_mask.c.obj)
                                        0x6ce (size before relaxing)
 .debug_str     0x00000000000036a1       0x42 zephyr/kernel/libkernel.a(idle.c.obj)
                                        0x362 (size before relaxing)
 .debug_str     0x00000000000036e3      0x1c2 zephyr/kernel/libkernel.a(mutex.c.obj)
                                        0x99d (size before relaxing)
 .debug_str     0x00000000000038a5      0x2c2 zephyr/kernel/libkernel.a(thread.c.obj)
                                        0xc1a (size before relaxing)
 .debug_str     0x0000000000003b67      0x6f3 zephyr/kernel/libkernel.a(sched.c.obj)
                                       0x13fb (size before relaxing)
 .debug_str     0x000000000000425a      0x113 zephyr/kernel/libkernel.a(smp.c.obj)
                                        0xb8c (size before relaxing)
 .debug_str     0x000000000000436d       0x74 zephyr/kernel/libkernel.a(ipi.c.obj)
                                        0x6b4 (size before relaxing)
 .debug_str     0x00000000000043e1       0x9d zephyr/kernel/libkernel.a(timeslicing.c.obj)